******************************************************************************
                  TI ARM Linker PC v18.12.3                    
******************************************************************************
>> Linked Tue Nov  5 15:12:07 2019

OUTPUT FILE NAME:   <aa.out>
ENTRY POINT SYMBOL: "resetISR"  address: 0100be59


MEMORY CONFIGURATION

         name            origin    length      used     unused   attr    fill
----------------------  --------  ---------  --------  --------  ----  --------
  FLASH_HDR             01000000   000007ff  00000000  000007ff  R  X
  FLASH                 01000800   000ff800  0000c12e  000f36d2  R  X
  SRAM                  20000000   00040000  0000963e  000369c2  RW X


SEGMENT ALLOCATION MAP

run origin  load origin   length   init length attrs members
----------  ----------- ---------- ----------- ----- -------
01000800    01000800    0000c130   0000c130    r-x
  01000800    01000800    00000040   00000040    r-- .resetVecs
  01000840    01000840    0000b980   0000b980    r-x .text
  0100c1c0    0100c1c0    0000067e   0000067e    r-- .const
  0100c840    0100c840    000000f0   000000f0    r-- .cinit
2000030c    2000030c    00008f32   00000000    rw-
  2000030c    2000030c    00008430   00000000    rw- .bss
  2000873c    2000873c    00000b02   00000000    rw- .data
2003fc00    2003fc00    00000400   00000000    rw-
  2003fc00    2003fc00    00000400   00000000    rw- .stack


SECTION ALLOCATION MAP

 output                                  attributes/
section   page    origin      length       input sections
--------  ----  ----------  ----------   ----------------
.resetVecs 
*          0    01000800    00000040     
                  01000800    00000040     freertos_builds_CC3220SF_LAUNCHXL_release_ccs.lib : startup_cc32xx_ccs.obj (.resetVecs:retain)

.text      0    01000840    0000b980     
                  01000840    00000ab8     rtsv7M4_T_le_eabi.lib : _scanfi.c.obj (.text:__TI_scanfi)
                  010012f8    00000a4e                           : _printfi.c.obj (.text:__TI_printfi)
                  01001d46    00000002     Board.obj (.text:Board_initHook)
                  01001d48    00000454     rtsv7M4_T_le_eabi.lib : strtod.c.obj (.text:strtod)
                  0100219c    0000042c     driverlib.a : prcm.obj (.text:PRCMCC3200MCUInit)
                  010025c8    00000278     drivers_cc32xx.aem4 : UARTCC32XX.oem4 (.text:UARTCC32XX_open)
                  01002840    00000268     rtsv7M4_T_le_eabi.lib : _printfi.c.obj (.text:_pconv_a)
                  01002aa8    000001fe     cJSON.obj (.text:print_object)
                  01002ca6    000001fc     cJSON.obj (.text:parse_string)
                  01002ea2    00000002     driverlib.a : interrupt.obj (.text:IntDefaultHandler)
                  01002ea4    000001dc     rtsv7M4_T_le_eabi.lib : strtoll.c.obj (.text:strtoll)
                  01003080    000001d4     freertos_builds_CC3220SF_LAUNCHXL_release_ccs.lib : queue.obj (.text:xQueueSemaphoreTake)
                  01003254    000001cc     rtsv7M4_T_le_eabi.lib : _printfi.c.obj (.text:_pconv_g)
                  01003420    000001ca     cJSON.obj (.text:print_string_ptr)
                  010035ea    00000002     drivers_cc32xx.aem4 : PWMTimerCC32XX.oem4 (.text:PWMTimerCC32XX_init)
                  010035ec    000001b8     freertos_builds_CC3220SF_LAUNCHXL_release_ccs.lib : queue.obj (.text:xQueueGenericSend)
                  010037a4    000001b6     rtsv7M4_T_le_eabi.lib : fd_add_t2.asm.obj (.text)
                  0100395a    00000002     freertos_builds_CC3220SF_LAUNCHXL_release_ccs.lib : PowerCC32XX_freertos.obj (.text:PowerCC32XX_initPolicy)
                  0100395c    000001b0                                                       : PowerCC32XX_freertos.obj (.text:PowerCC32XX_sleepPolicy)
                  01003b0c    000001ac     cJSON.obj (.text:utf16_literal_to_utf8)
                  01003cb8    000001a6     cJSON.obj (.text:parse_object)
                  01003e5e    00000002     drivers_cc32xx.aem4 : UARTCC32XX.oem4 (.text:UARTCC32XX_init)
                  01003e60    00000199     cJSON.obj (.text:parse_value)
                  01003ff9    00000001     --HOLE-- [fill = 0]
                  01003ffa    00000002     freertos_builds_CC3220SF_LAUNCHXL_release_ccs.lib : startup_cc32xx_ccs.obj (.text:busFaultHandler)
                  01003ffc    0000018d     servo_task.obj (.text:RobotArmTask)
                  01004189    00000001     --HOLE-- [fill = 0]
                  0100418a    00000002     freertos_builds_CC3220SF_LAUNCHXL_release_ccs.lib : startup_cc32xx_ccs.obj (.text:defaultHandler)
                  0100418c    00000180                                                       : queue.obj (.text:xQueueReceive)
                  0100430c    00000178     cJSON.obj (.text:parse_number)
                  01004484    00000178     freertos_builds_CC3220SF_LAUNCHXL_release_ccs.lib : heap_4.obj (.text:pvPortMalloc)
                  010045fc    00000164                                                       : timers.obj (.text:prvProcessReceivedCommands)
                  01004760    0000015c     rtsv7M4_T_le_eabi.lib : strtoull.c.obj (.text:strtoull)
                  010048bc    00000150     input_queue.obj (.text:InputQueue_recv)
                  01004a0c    00000148     drivers_cc32xx.aem4 : PowerCC32XX.oem4 (.text:parkPins)
                  01004b54    00000144     cJSON.obj (.text:print_number)
                  01004c98    00000140     drivers_cc32xx.aem4 : PWMTimerCC32XX.oem4 (.text:PWMTimerCC32XX_setDutyAndPeriod)
                  01004dd8    0000013e     cJSON.obj (.text:parse_array)
                  01004f16    00000002     freertos_builds_CC3220SF_LAUNCHXL_release_ccs.lib : startup_cc32xx_ccs.obj (.text:faultISR)
                  01004f18    0000013c     rtsv7M4_T_le_eabi.lib : _printfi.c.obj (.text:_pconv_e)
                  01005054    0000013c     freertos_builds_CC3220SF_LAUNCHXL_release_ccs.lib : tasks.obj (.text:xTaskIncrementTick)
                  01005190    00000138                                                       : pthread.obj (.text:pthread_create)
                  010052c8    00000136     rtsv7M4_T_le_eabi.lib : fd_div_t2.asm.obj (.text)
                  010053fe    00000132     cJSON.obj (.text:ensure)
                  01005530    00000130     rtsv7M4_T_le_eabi.lib : strtol.c.obj (.text:strtol)
                  01005660    0000012a     freertos_builds_CC3220SF_LAUNCHXL_release_ccs.lib : tasks.obj (.text:prvInitialiseNewTask)
                  0100578a    00000002                                                       : startup_cc32xx_ccs.obj (.text:nmiISR)
                  0100578c    00000128     servo.obj (.text:RobotArm_init)
                  010058b4    00000121     cJSON.obj (.text:print_value)
                  010059d5    00000001     --HOLE-- [fill = 0]
                  010059d6    00000002     rtsv7M4_T_le_eabi.lib : div0.asm.obj (.text)
                  010059d8    00000120     drivers_cc32xx.aem4 : UARTCC32XX.oem4 (.text:UARTCC32XX_close)
                  01005af8    00000120     rtsv7M4_T_le_eabi.lib : _printfi.c.obj (.text:fcvt)
                  01005c18    0000011c     drivers_cc32xx.aem4 : PowerCC32XX.oem4 (.text:Power_sleep)
                  01005d34    0000011c     freertos_builds_CC3220SF_LAUNCHXL_release_ccs.lib : tasks.obj (.text:xTaskResumeAll)
                  01005e50    00000114                                                       : tasks.obj (.text:vTaskPriorityDisinheritAfterTimeout)
                  01005f64    00000110     rtsv7M4_T_le_eabi.lib : strtoul.c.obj (.text:strtoul)
                  01006074    0000010d     servo.obj (.text:RobotArm_move)
                  01006181    00000001     --HOLE-- [fill = 0]
                  01006182    00000104     freertos_builds_CC3220SF_LAUNCHXL_release_ccs.lib : queue.obj (.text:xQueueGenericSendFromISR)
                  01006286    000000fc     rtsv7M4_T_le_eabi.lib : fd_mul_t2.asm.obj (.text)
                  01006382    00000002     main_freertos.obj (.text:vApplicationMallocFailedHook)
                  01006384    000000fc     freertos_builds_CC3220SF_LAUNCHXL_release_ccs.lib : tasks.obj (.text:vTaskSuspend)
                  01006480    000000f8     cJSON.obj (.text:cJSON_ParseWithOpts)
                  01006578    000000f8     freertos_builds_CC3220SF_LAUNCHXL_release_ccs.lib : tasks.obj (.text:vTaskDelete)
                  01006670    000000f2     drivers_cc32xx.aem4 : UARTCC32XX.oem4 (.text:UARTCC32XX_control)
                  01006762    000000f2     cJSON.obj (.text:print_array)
                  01006854    000000f0     drivers_cc32xx.aem4 : PWMTimerCC32XX.oem4 (.text:PWMTimerCC32XX_open)
                  01006944    000000f0     freertos_builds_CC3220SF_LAUNCHXL_release_ccs.lib : queue.obj (.text:xQueueGiveFromISR)
                  01006a34    000000e8                                                       : tasks.obj (.text:xTaskPriorityInherit)
                  01006b1c    000000e0                                                       : tasks.obj (.text:xTaskPriorityDisinherit)
                  01006bfc    000000dc                                                       : tasks.obj (.text:vTaskSwitchContext)
                  01006cd8    000000d8                                                       : queue.obj (.text:xQueueReceiveFromISR)
                  01006db0    000000d6     cJSON.obj (.text:print)
                  01006e86    00000002     --HOLE-- [fill = 0]
                  01006e88    000000d0     rtsv7M4_T_le_eabi.lib : s_scalbn.c.obj (.text:scalbn)
                  01006f58    000000ca     drivers_cc32xx.aem4 : UARTCC32XX.oem4 (.text:UARTCC32XX_write)
                  01007022    00000002     --HOLE-- [fill = 0]
                  01007024    000000c4                         : PWMTimerCC32XX.oem4 (.text:PWMTimerCC32XX_stop)
                  010070e8    000000c4     freertos_builds_CC3220SF_LAUNCHXL_release_ccs.lib : tasks.obj (.text:prvAddNewTaskToReadyList)
                  010071ac    000000c0     drivers_cc32xx.aem4 : PowerCC32XX.oem4 (.text:restoreParkedPins)
                  0100726c    000000c0     freertos_builds_CC3220SF_LAUNCHXL_release_ccs.lib : port.obj (.text:xPortStartScheduler)
                  0100732c    000000be                                                       : queue.obj (.text:prvCopyDataToQueue)
                  010073ea    00000002     --HOLE-- [fill = 0]
                  010073ec    000000bc                                                       : heap_4.obj (.text:prvHeapInit)
                  010074a8    000000bc                                                       : timers.obj (.text:prvSwitchTimerLists)
                  01007564    000000ba     drivers_cc32xx.aem4 : UARTCC32XX.oem4 (.text:UARTCC32XX_readPolling)
                  0100761e    00000002     --HOLE-- [fill = 0]
                  01007620    000000ba     freertos_builds_CC3220SF_LAUNCHXL_release_ccs.lib : portasm.obj (.text)
                  010076da    00000002     --HOLE-- [fill = 0]
                  010076dc    000000b8     drivers_cc32xx.aem4 : PWMTimerCC32XX.oem4 (.text:PWMTimerCC32XX_setDuty)
                  01007794    000000b8                         : UARTCC32XX.oem4 (.text:initHw)
                  0100784c    000000b8     freertos_builds_CC3220SF_LAUNCHXL_release_ccs.lib : queue.obj (.text:xQueueGenericReset)
                  01007904    000000b6     drivers_cc32xx.aem4 : UARTCC32XX.oem4 (.text:readTaskCallback)
                  010079ba    00000002     --HOLE-- [fill = 0]
                  010079bc    000000b1     rtsv7M4_T_le_eabi.lib : _printfi.c.obj (.text:_ltostr)
                  01007a6d    00000003     --HOLE-- [fill = 0]
                  01007a70    000000b0     freertos_builds_CC3220SF_LAUNCHXL_release_ccs.lib : tasks.obj (.text:prvAddCurrentTaskToDelayedList)
                  01007b20    000000b0                                                       : tasks.obj (.text:xTaskCheckForTimeOut)
                  01007bd0    000000ae     cJSON.obj (.text:parse_hex4)
                  01007c7e    000000ae     freertos_builds_CC3220SF_LAUNCHXL_release_ccs.lib : queue.obj (.text:prvUnlockQueue)
                  01007d2c    000000ae     drivers_cc32xx.aem4 : UARTCC32XX.oem4 (.text:readIsrTextBlocking)
                  01007dda    00000002     --HOLE-- [fill = 0]
                  01007ddc    000000ac     uart_task.obj (.text:Communication_task)
                  01007e88    000000a8     driverlib.a : interrupt.obj (.text:IntDisable)
                  01007f30    000000a8                 : interrupt.obj (.text:IntEnable)
                  01007fd8    000000a8     drivers_cc32xx.aem4 : PowerCC32XX.oem4 (.text:PowerCC32XX_configureWakeup)
                  01008080    000000a8     freertos_builds_CC3220SF_LAUNCHXL_release_ccs.lib : heap_4.obj (.text:prvInsertBlockIntoFreeList)
                  01008128    000000a8     drivers_cc32xx.aem4 : UARTCC32XX.oem4 (.text:readTaskBlocking)
                  010081d0    000000a8     freertos_builds_CC3220SF_LAUNCHXL_release_ccs.lib : tasks.obj (.text:xTaskRemoveFromEventList)
                  01008278    000000a4     drivers_cc32xx.aem4 : PWMTimerCC32XX.oem4 (.text:initHw)
                  0100831c    000000a2                         : UARTCC32XX.oem4 (.text:readIsrTextCallback)
                  010083be    000000a2                         : UARTCC32XX.oem4 (.text:writeData)
                  01008460    000000a0     freertos_builds_CC3220SF_LAUNCHXL_release_ccs.lib : ClockP_freertos.obj (.text:ClockP_create)
                  01008500    0000009c     rtsv7M4_T_le_eabi.lib : memcpy_t2.asm.obj (.text)
                  0100859c    0000009c     freertos_builds_CC3220SF_LAUNCHXL_release_ccs.lib : heap_4.obj (.text:vPortFree)
                  01008638    00000098     drivers_cc32xx.aem4 : PWMTimerCC32XX.oem4 (.text:PWMTimerCC32XX_setPeriod)
                  010086d0    00000096     rtsv7M4_T_le_eabi.lib : ull_div_t2.asm.obj (.text)
                  01008766    00000002     --HOLE-- [fill = 0]
                  01008768    00000094     freertos_builds_CC3220SF_LAUNCHXL_release_ccs.lib : tasks.obj (.text:vTaskStartScheduler)
                  010087fc    00000090     drivers_cc32xx.aem4 : PowerCC32XX.oem4 (.text:restoreNVICRegs)
                  0100888c    0000008c     cJSON.obj (.text:add_item_to_object)
                  01008918    00000088     uart_task.obj (.text:Communication_init)
                  010089a0    00000088     drivers_cc32xx.aem4 : PWMTimerCC32XX.oem4 (.text:PWMTimerCC32XX_close)
                  01008a28    00000088     driverlib.a : pin.obj (.text:PinConfigSet)
                  01008ab0    00000088     freertos_builds_CC3220SF_LAUNCHXL_release_ccs.lib : timers.obj (.text:prvProcessTimerOrBlockTask)
                  01008b38    00000086     rtsv7M4_T_le_eabi.lib : fd_cmp_t2.asm.obj (.text:__aeabi_cdcmple)
                  01008bbe    00000086                           : fd_cmp_t2.asm.obj (.text:__aeabi_cdrcmple)
                  01008c44    00000084     drivers_cc32xx.aem4 : PowerCC32XX.oem4 (.text:Power_init)
                  01008cc8    00000084                         : PowerCC32XX.oem4 (.text:saveNVICRegs)
                  01008d4c    00000084     freertos_builds_CC3220SF_LAUNCHXL_release_ccs.lib : timers.obj (.text:xTimerGenericCommand)
                  01008dd0    00000080     drivers_cc32xx.aem4 : PowerCC32XX.oem4 (.text:Power_setDependency)
                  01008e50    00000080     freertos_builds_CC3220SF_LAUNCHXL_release_ccs.lib : timers.obj (.text:prvProcessExpiredTimer)
                  01008ed0    0000007c     drivers_cc32xx.aem4 : UARTCC32XX.oem4 (.text:readIsrBinaryBlocking)
                  01008f4c    0000007a     freertos_builds_CC3220SF_LAUNCHXL_release_ccs.lib : pthread.obj (.text:removeThreadKeys)
                  01008fc6    0000007a     rtsv7M4_T_le_eabi.lib : memset_t2.asm.obj (.text)
                  01009040    0000007a     freertos_builds_CC3220SF_LAUNCHXL_release_ccs.lib : tasks.obj (.text:xTaskCreate)
                  010090ba    00000002     --HOLE-- [fill = 0]
                  010090bc    00000078     cJSON.obj (.text:cJSON_Delete)
                  01009134    00000078     freertos_builds_CC3220SF_LAUNCHXL_release_ccs.lib : timers.obj (.text:prvInsertTimerInActiveList)
                  010091ac    00000078     drivers_cc32xx.aem4 : UARTCC32XX.oem4 (.text:readIsrBinaryCallback)
                  01009224    00000074     servo_task.obj (.text:RobotArmTask_start)
                  01009298    00000074     drivers_cc32xx.aem4 : UARTCC32XX.oem4 (.text:UARTCC32XX_hwiIntFxn)
                  0100930c    00000074     cJSON.obj (.text:get_object_item)
                  01009380    00000074     freertos_builds_CC3220SF_LAUNCHXL_release_ccs.lib : tasks.obj (.text:prvInitialiseTaskLists)
                  010093f4    00000074                                                       : port.obj (.text:vPortValidateInterruptPriority)
                  01009468    00000070                                                       : ClockP_freertos.obj (.text:setClockObjTimeout)
                  010094d8    0000006e     rtsv7M4_T_le_eabi.lib : _printfi.c.obj (.text:_mcpy)
                  01009546    0000006e                           : fd_tos_t2.asm.obj (.text)
                  010095b4    0000006c     uart_task.obj (.text:CommunicationTask_start)
                  01009620    0000006a     freertos_builds_CC3220SF_LAUNCHXL_release_ccs.lib : queue.obj (.text:xQueueGenericCreate)
                  0100968a    00000002     --HOLE-- [fill = 0]
                  0100968c    00000068     drivers_cc32xx.aem4 : PWMTimerCC32XX.oem4 (.text:PWMTimerCC32XX_start)
                  010096f4    00000068     rtsv7M4_T_le_eabi.lib : sscanf.c.obj (.text:_chkmbc)
                  0100975c    00000068                           : copy_decompress_lzss.c.obj (.text:decompress:lzss:__TI_decompress_lzss)
                  010097c4    00000066     drivers_cc32xx.aem4 : UARTCC32XX.oem4 (.text:UARTCC32XX_writeCancel)
                  0100982a    00000066     freertos_builds_CC3220SF_LAUNCHXL_release_ccs.lib : timers.obj (.text:prvInitialiseNewTimer)
                  01009890    00000066                                                       : memory.obj (.text:realloc)
                  010098f6    00000066                                                       : list.obj (.text:vListInsert)
                  0100995c    00000064                                                       : ClockP_freertos.obj (.text:ClockP_stop)
                  010099c0    00000064     drivers_cc32xx.aem4 : PowerCC32XX.oem4 (.text:PowerCC32XX_setParkState)
                  01009a24    00000064     main_freertos.obj (.text:main)
                  01009a88    00000064     freertos_builds_CC3220SF_LAUNCHXL_release_ccs.lib : tasks.obj (.text:prvGetExpectedIdleTime)
                  01009aec    00000062     drivers_cc32xx.aem4 : UARTCC32XX.oem4 (.text:UARTCC32XX_writePolling)
                  01009b4e    00000002     --HOLE-- [fill = 0]
                  01009b50    00000060     freertos_builds_CC3220SF_LAUNCHXL_release_ccs.lib : HwiPCC32XX_freertos.obj (.text:HwiP_create)
                  01009bb0    00000060     driverlib.a : prcm.obj (.text:PRCMSysResetCauseGet)
                  01009c10    00000060     cJSON.obj (.text:case_insensitive_strcmp)
                  01009c70    0000005c     rtsv7M4_T_le_eabi.lib : s_frexp.c.obj (.text:frexp)
                  01009ccc    0000005c     freertos_builds_CC3220SF_LAUNCHXL_release_ccs.lib : tasks.obj (.text:prvIdleTask)
                  01009d28    0000005c                                                       : pthread.obj (.text:pthread_exit)
                  01009d84    0000005c                                                       : queue.obj (.text:vQueueWaitForMessageRestricted)
                  01009de0    00000058     driverlib.a : prcm.obj (.text:PRCMPeripheralReset)
                  01009e38    00000058     drivers_cc32xx.aem4 : PowerCC32XX.oem4 (.text:Power_releaseDependency)
                  01009e90    00000058     freertos_builds_CC3220SF_LAUNCHXL_release_ccs.lib : tasks.obj (.text:eTaskConfirmSleepModeStatus)
                  01009ee8    00000058                                                       : port.obj (.text:vPortSetupTimerInterrupt)
                  01009f40    00000058                                                       : queue.obj (.text:xQueueCreateCountingSemaphore)
                  01009f98    00000056                                                       : SemaphoreP_freertos.obj (.text:SemaphoreP_create)
                  01009fee    00000056     rtsv7M4_T_le_eabi.lib : _printfi.c.obj (.text:_pconv_f)
                  0100a044    00000054     freertos_builds_CC3220SF_LAUNCHXL_release_ccs.lib : ClockP_freertos.obj (.text:ClockP_delete)
                  0100a098    00000054     driverlib.a : interrupt.obj (.text:IntPrioritySet)
                  0100a0ec    00000054     cJSON.obj (.text:buffer_skip_whitespace)
                  0100a140    00000054     rtsv7M4_T_le_eabi.lib : ltoa.c.obj (.text:ltoa)
                  0100a194    00000054     drivers_cc32xx.aem4 : UARTCC32XX.oem4 (.text:ringBufGet)
                  0100a1e8    00000054     freertos_builds_CC3220SF_LAUNCHXL_release_ccs.lib : timers.obj (.text:xTimerCreateTimerTask)
                  0100a23c    00000052     drivers_cc32xx.aem4 : PowerCC32XX_asm.oem4 (.text:PowerCC32XX_resumeLPDS)
                  0100a28e    00000052     rtsv7M4_T_le_eabi.lib : _printfi.c.obj (.text:_ecpy)
                  0100a2e0    00000050     output_queue.obj (.text:OutputQueue_send)
                  0100a330    00000050     servo.obj (.text:RobotArm_start)
                  0100a380    00000050     drivers_cc32xx.aem4 : TimerCC32XX.oem4 (.text:TimerCC32XX_allocateTimerResource)
                  0100a3d0    00000050     freertos_builds_CC3220SF_LAUNCHXL_release_ccs.lib : port.obj (.text:pxPortInitialiseStack)
                  0100a420    00000050     cJSON.obj (.text:skip_utf8_bom)
                  0100a470    0000004c     drivers_cc32xx.aem4 : PowerCC32XX.oem4 (.text:PowerCC32XX_parkPin)
                  0100a4bc    0000004c     rtsv7M4_T_le_eabi.lib : atoi.c.obj (.text:atoi)
                  0100a508    0000004c     drivers_cc32xx.aem4 : PWMTimerCC32XX.oem4 (.text:getDutyCounts)
                  0100a554    0000004c                         : PWMTimerCC32XX.oem4 (.text:getPeriodCounts)
                  0100a5a0    0000004c     freertos_builds_CC3220SF_LAUNCHXL_release_ccs.lib : startup_cc32xx_ccs.obj (.text:initVectors)
                  0100a5ec    0000004c                                                       : timers.obj (.text:prvCheckForValidListAndQueue)
                  0100a638    0000004c                                                       : tasks.obj (.text:prvCheckTasksWaitingTermination)
                  0100a684    0000004c     drivers_cc32xx.aem4 : PowerCC32XX.oem4 (.text:restorePeriphClocks)
                  0100a6d0    0000004c     freertos_builds_CC3220SF_LAUNCHXL_release_ccs.lib : port.obj (.text:vPortEnterCritical)
                  0100a71c    00000048     driverlib.a : flash.obj (.text:FlashDisable)
                  0100a764    00000048     freertos_builds_CC3220SF_LAUNCHXL_release_ccs.lib : HwiPCC32XX_freertos.obj (.text:HwiP_dispatch)
                  0100a7ac    00000048     driverlib.a : prcm.obj (.text:PRCMLPDSEnter)
                  0100a7f4    00000048                 : prcm.obj (.text:PRCMPeripheralClkEnable)
                  0100a83c    00000048     drivers_cc32xx.aem4 : PowerCC32XX.oem4 (.text:Power_releaseConstraint)
                  0100a884    00000048     cJSON.obj (.text:cJSON_strdup)
                  0100a8cc    00000048     rtsv7M4_T_le_eabi.lib : fd_toi_t2.asm.obj (.text)
                  0100a914    00000048     freertos_builds_CC3220SF_LAUNCHXL_release_ccs.lib : list.obj (.text:uxListRemove)
                  0100a95c    00000046     drivers_cc32xx.aem4 : RingBuf.oem4 (.text:RingBuf_put)
                  0100a9a2    00000002     --HOLE-- [fill = 0]
                  0100a9a4    00000044     driverlib.a : prcm.obj (.text:PRCMLPDSRestoreInfoSet)
                  0100a9e8    00000044     drivers_cc32xx.aem4 : PWM.oem4 (.text:PWM_init)
                  0100aa2c    00000044                         : PowerCC32XX_asm.oem4 (.text:PowerCC32XX_enterLPDS)
                  0100aa70    00000044                         : UART.oem4 (.text:UART_init)
                  0100aab4    00000044     rtsv7M4_T_le_eabi.lib : autoinit.c.obj (.text:__TI_auto_init_nobinit_nopinit:__TI_auto_init_nobinit_nopinit)
                  0100aaf8    00000044     freertos_builds_CC3220SF_LAUNCHXL_release_ccs.lib : queue.obj (.text:prvInitialiseNewQueue)
                  0100ab3c    00000044                                                       : tasks.obj (.text:vTaskStepTick)
                  0100ab80    00000042     cJSON.obj (.text:add_item_to_array)
                  0100abc2    00000042     freertos_builds_CC3220SF_LAUNCHXL_release_ccs.lib : memory.obj (.text:malloc)
                  0100ac04    00000040     drivers_cc32xx.aem4 : PWM.oem4 (.text:PWM_open)
                  0100ac44    00000040     driverlib.a : pin.obj (.text:PinModeSet)
                  0100ac84    00000040     drivers_cc32xx.aem4 : RingBuf.oem4 (.text:RingBuf_get)
                  0100acc4    00000040                         : UARTCC32XX.oem4 (.text:UARTCC32XX_read)
                  0100ad04    00000040                         : UART.oem4 (.text:UART_open)
                  0100ad44    00000040     rtsv7M4_T_le_eabi.lib : sprintf.c.obj (.text:sprintf)
                  0100ad84    00000040     freertos_builds_CC3220SF_LAUNCHXL_release_ccs.lib : tasks.obj (.text:vTaskPlaceOnEventListRestricted)
                  0100adc4    0000003e                                                       : ClockP_freertos.obj (.text:ClockP_callbackFxn)
                  0100ae02    0000003e     rtsv7M4_T_le_eabi.lib : _printfi.c.obj (.text:_fcpy)
                  0100ae40    0000003e     freertos_builds_CC3220SF_LAUNCHXL_release_ccs.lib : pthread.obj (.text:pthread_setcancelstate)
                  0100ae7e    00000002     --HOLE-- [fill = 0]
                  0100ae80    0000003c     driverlib.a : prcm.obj (.text:PRCMSlowClkCtrFastGet)
                  0100aebc    0000003c     drivers_cc32xx.aem4 : PowerCC32XX.oem4 (.text:Power_setConstraint)
                  0100aef8    0000003c     cJSON.obj (.text:cJSON_AddStringToObject)
                  0100af34    0000003c     cJSON.obj (.text:cJSON_CreateString)
                  0100af70    0000003c     freertos_builds_CC3220SF_LAUNCHXL_release_ccs.lib : queue.obj (.text:prvCopyDataFromQueue)
                  0100afac    0000003c                                                       : tasks.obj (.text:prvResetNextTaskUnblockTime)
                  0100afe8    0000003c                                                       : tasks.obj (.text:pvTaskGetThreadLocalStoragePointer)
                  0100b024    0000003c                                                       : list.obj (.text:vListInsertEnd)
                  0100b060    0000003c                                                       : timers.obj (.text:xTimerCreate)
                  0100b09c    0000003a     servo.obj (.text:RobotArm_setAngle)
                  0100b0d6    0000003a     drivers_cc32xx.aem4 : PWMTimerCC32XX.oem4 (.text:getPowerMgrId)
                  0100b110    00000038     driverlib.a : prcm.obj (.text:PRCMLPDSEnterKeepDebugIf)
                  0100b148    00000038     uart_task.obj (.text:UART_ReadCallback)
                  0100b180    00000038     drivers_cc32xx.aem4 : PowerCC32XX.oem4 (.text:notify)
                  0100b1b8    00000038     freertos_builds_CC3220SF_LAUNCHXL_release_ccs.lib : timers.obj (.text:prvGetNextExpireTime)
                  0100b1f0    00000038                                                       : port.obj (.text:prvTaskExitError)
                  0100b228    00000038     rtsv7M4_T_le_eabi.lib : sscanf.c.obj (.text:sscanf)
                  0100b260    00000036     drivers_cc32xx.aem4 : UARTCC32XX.oem4 (.text:UARTCC32XX_readCancel)
                  0100b296    00000002     --HOLE-- [fill = 0]
                  0100b298    00000034     driverlib.a : pin.obj (.text:PinModeGet)
                  0100b2cc    00000034     drivers_cc32xx.aem4 : PowerCC32XX.oem4 (.text:PowerCC32XX_restoreParkState)
                  0100b300    00000034     servo.obj (.text:RobotArm_reset)
                  0100b334    00000034     freertos_builds_CC3220SF_LAUNCHXL_release_ccs.lib : SemaphoreP_freertos.obj (.text:SemaphoreP_pend)
                  0100b368    00000034     drivers_cc32xx.aem4 : TimerCC32XX.oem4 (.text:TimerCC32XX_freeTimerResource)
                  0100b39c    00000034                         : TimerCC32XX.oem4 (.text:getPowerMgrId)
                  0100b3d0    00000034     freertos_builds_CC3220SF_LAUNCHXL_release_ccs.lib : timers.obj (.text:prvSampleTimeNow)
                  0100b404    00000034                                                       : tasks.obj (.text:vTaskPlaceOnEventList)
                  0100b438    00000034                                                       : tasks.obj (.text:vTaskSetThreadLocalStoragePointer)
                  0100b46c    00000030     drivers_cc32xx.aem4 : PowerCC32XX.oem4 (.text:PowerCC32XX_restoreParkedPin)
                  0100b49c    00000030     cJSON.obj (.text:update_offset)
                  0100b4cc    00000030     freertos_builds_CC3220SF_LAUNCHXL_release_ccs.lib : list.obj (.text:vListInitialise)
                  0100b4fc    00000030                                                       : port.obj (.text:vPortExitCritical)
                  0100b52c    00000030                                                       : tasks.obj (.text:xTaskGetSchedulerState)
                  0100b55c    0000002e                                                       : timers.obj (.text:pvTimerGetTimerID)
                  0100b58a    0000002e     rtsv7M4_T_le_eabi.lib : i_tofd_t2.asm.obj (.text)
                  0100b5b8    0000002c     freertos_builds_CC3220SF_LAUNCHXL_release_ccs.lib : HwiPCC32XX_freertos.obj (.text:HwiP_disable)
                  0100b5e4    0000002c     driverlib.a : prcm.obj (.text:PRCMLPDSIntervalSet)
                  0100b610    0000002c     drivers_cc32xx.aem4 : PowerCC32XX.oem4 (.text:PowerCC32XX_getParkState)
                  0100b63c    0000002c     rtsv7M4_T_le_eabi.lib : strncmp.c.obj (.text:strncmp)
                  0100b668    0000002c     freertos_builds_CC3220SF_LAUNCHXL_release_ccs.lib : tasks.obj (.text:vTaskSetApplicationTaskTag)
                  0100b694    0000002c                                                       : port.obj (.text:xPortSysTickHandler)
                  0100b6c0    00000028                                                       : HwiPCC32XX_freertos.obj (.text:HwiP_inISR)
                  0100b6e8    00000028     input_queue.obj (.text:InputQueue_init)
                  0100b710    00000028     input_queue.obj (.text:InputQueue_send)
                  0100b738    00000028     input_queue.obj (.text:InputQueue_sendISR)
                  0100b760    00000028     output_queue.obj (.text:OutputQueue_init)
                  0100b788    00000028     output_queue.obj (.text:OutputQueue_recv)
                  0100b7b0    00000028     driverlib.a : prcm.obj (.text:PRCMLPDSWakeupSourceEnable)
                  0100b7d8    00000028                 : prcm.obj (.text:PRCMPeripheralClkDisable)
                  0100b800    00000028     drivers_cc32xx.aem4 : PowerCC32XX.oem4 (.text:Power_registerNotify)
                  0100b828    00000028     freertos_builds_CC3220SF_LAUNCHXL_release_ccs.lib : pthread.obj (.text:pthread_attr_setschedparam)
                  0100b850    00000028                                                       : tasks.obj (.text:xTaskGetApplicationTaskTag)
                  0100b878    00000027     servo.obj (.text:OnTimer)
                  0100b89f    00000001     --HOLE-- [fill = 0]
                  0100b8a0    00000026     drivers_cc32xx.aem4 : List.oem4 (.text:List_put)
                  0100b8c6    00000026                         : List.oem4 (.text:List_remove)
                  0100b8ec    00000026     freertos_builds_CC3220SF_LAUNCHXL_release_ccs.lib : pthread.obj (.text:_pthread_cleanup_pop)
                  0100b912    00000026                                                       : queue.obj (.text:prvIsQueueFull)
                  0100b938    00000024     driverlib.a : interrupt.obj (.text:IntUnregister)
                  0100b95c    00000024     rtsv7M4_T_le_eabi.lib : boot_cortex_m.c.obj (.text:_c_int00_noargs:_c_int00_noargs)
                  0100b980    00000024     freertos_builds_CC3220SF_LAUNCHXL_release_ccs.lib : queue.obj (.text:prvGetDisinheritPriorityAfterTimeout)
                  0100b9a4    00000024                                                       : queue.obj (.text:vQueueDelete)
                  0100b9c8    00000024                                                       : tasks.obj (.text:vTaskInternalSetTimeOutState)
                  0100b9ec    00000022                                                       : SemaphoreP_freertos.obj (.text:SemaphoreP_post)
                  0100ba0e    00000022                                                       : aeabi_portable.obj (.text:__aeabi_errno_addr)
                  0100ba30    00000022     cJSON.obj (.text:cJSON_New_Item)
                  0100ba52    00000022     freertos_builds_CC3220SF_LAUNCHXL_release_ccs.lib : pthread.obj (.text:pthread_attr_setdetachstate)
                  0100ba74    00000020                                                       : ClockP_freertos.obj (.text:ClockP_getCpuFreq)
                  0100ba94    00000020                                                       : HwiPCC32XX_freertos.obj (.text:HwiP_restore)
                  0100bab4    00000020     driverlib.a : interrupt.obj (.text:IntRegister)
                  0100bad4    00000020     drivers_cc32xx.aem4 : PowerCC32XX.oem4 (.text:Power_unregisterNotify)
                  0100baf4    00000020                         : RingBuf.oem4 (.text:RingBuf_peek)
                  0100bb14    00000020     servo.obj (.text:RobotArm_Resume)
                  0100bb34    00000020     drivers_cc32xx.aem4 : UARTCC32XX.oem4 (.text:getPowerMgrId)
                  0100bb54    00000020     freertos_builds_CC3220SF_LAUNCHXL_release_ccs.lib : queue.obj (.text:prvIsQueueEmpty)
                  0100bb74    0000001e                                                       : ClockP_freertos.obj (.text:ClockP_start)
                  0100bb92    0000001e                                                       : HwiPCC32XX_freertos.obj (.text:HwiP_Params_init)
                  0100bbb0    0000001e                                                       : pthread.obj (.text:_pthread_runStub)
                  0100bbce    0000001e     pwmled2.obj (.text:mainThread)
                  0100bbec    0000001c     freertos_builds_CC3220SF_LAUNCHXL_release_ccs.lib : ClockP_freertos.obj (.text:ClockP_Params_init)
                  0100bc08    0000001c     driverlib.a : pin.obj (.text:PinToPadGet)
                  0100bc24    0000001c     servo.obj (.text:RobotArm_stop)
                  0100bc40    0000001c     cJSON.obj (.text:cJSON_CreateObject)
                  0100bc5c    0000001c     rtsv7M4_T_le_eabi.lib : memccpy.c.obj (.text:memccpy)
                  0100bc78    0000001c     freertos_builds_CC3220SF_LAUNCHXL_release_ccs.lib : pthread.obj (.text:pthread_attr_init)
                  0100bc94    0000001c                                                       : tasks.obj (.text:pvTaskIncrementMutexHeldCount)
                  0100bcb0    0000001a                                                       : PTLS.obj (.text:PTLS_taskDeleteHook)
                  0100bcca    0000001a                                                       : timers.obj (.text:prvTimerTask)
                  0100bce4    00000018     drivers_cc32xx.aem4 : PowerCC32XX.oem4 (.text:Power_idleFunc)
                  0100bcfc    00000018     driverlib.a : uart.obj (.text:UARTBusy)
                  0100bd14    00000018                 : uart.obj (.text:UARTIntEnable)
                  0100bd2c    00000018     drivers_cc32xx.aem4 : UART.oem4 (.text:UART_Params_init)
                  0100bd44    00000018     rtsv7M4_T_le_eabi.lib : sprintf.c.obj (.text:_outs)
                  0100bd5c    00000018     freertos_builds_CC3220SF_LAUNCHXL_release_ccs.lib : memory.obj (.text:free)
                  0100bd74    00000018     rtsv7M4_T_le_eabi.lib : ll_mul_t2.asm.obj (.text)
                  0100bd8c    00000018                           : strcmp.c.obj (.text:strcmp)
                  0100bda4    00000018                           : strrchr.c.obj (.text:strrchr)
                  0100bdbc    00000018     cJSON.obj (.text:suffix_object)
                  0100bdd4    00000016     freertos_builds_CC3220SF_LAUNCHXL_release_ccs.lib : ClockP_freertos.obj (.text:ClockP_setTimeout)
                  0100bdea    00000016     driverlib.a : prcm.obj (.text:PRCMHIBRegRead)
                  0100be00    00000016                 : prcm.obj (.text:PRCMHIBRegWrite)
                  0100be16    00000016     freertos_builds_CC3220SF_LAUNCHXL_release_ccs.lib : PTLS.obj (.text:PTLS_getBuf)
                  0100be2c    00000016                                                       : PTLS.obj (.text:PTLS_setBuf)
                  0100be42    00000016                                                       : SemaphoreP_freertos.obj (.text:SemaphoreP_Params_init)
                  0100be58    00000016                                                       : startup_cc32xx_ccs.obj (.text:resetISR)
                  0100be6e    00000016     rtsv7M4_T_le_eabi.lib : strchr.c.obj (.text:strchr)
                  0100be84    00000014     driverlib.a : cpu.obj (.text:CPUcpsie)
                  0100be98    00000014                 : interrupt.obj (.text:IntVTableBaseSet)
                  0100beac    00000014     drivers_cc32xx.aem4 : PWM.oem4 (.text:PWM_Params_init)
                  0100bec0    00000014                         : PowerCC32XX.oem4 (.text:Power_getDependencyCount)
                  0100bed4    00000014     cJSON.obj (.text:cJSON_PrintUnformatted)
                  0100bee8    00000014     freertos_builds_CC3220SF_LAUNCHXL_release_ccs.lib : tasks.obj (.text:prvDeleteTCB)
                  0100befc    00000014                                                       : pthread.obj (.text:pthread_attr_setstacksize)
                  0100bf10    00000014                                                       : pthread.obj (.text:pthread_self)
                  0100bf24    00000014     drivers_cc32xx.aem4 : UARTCC32XX.oem4 (.text:releasePowerConstraint)
                  0100bf38    00000014     rtsv7M4_T_le_eabi.lib : strcpy.c.obj (.text:strcpy)
                  0100bf4c    00000014                           : strlen.c.obj (.text:strlen)
                  0100bf60    00000014     freertos_builds_CC3220SF_LAUNCHXL_release_ccs.lib : PowerCC32XX_freertos.obj (.text:vPortSuppressTicksAndSleep)
                  0100bf74    00000014                                                       : tasks.obj (.text:xTaskGetCurrentTaskHandle)
                  0100bf88    00000014                                                       : tasks.obj (.text:xTaskGetTickCount)
                  0100bf9c    00000012                                                       : HwiPCC32XX_freertos.obj (.text:HwiP_delete)
                  0100bfae    00000012     drivers_cc32xx.aem4 : RingBuf.oem4 (.text:RingBuf_construct)
                  0100bfc0    00000012     rtsv7M4_T_le_eabi.lib : sscanf.c.obj (.text:_inpchar)
                  0100bfd2    00000012     cJSON.obj (.text:cJSON_GetObjectItem)
                  0100bfe4    00000012     drivers_cc32xx.aem4 : PWMTimerCC32XX.oem4 (.text:postNotifyFxn)
                  0100bff6    00000012     cJSON.obj (.text:print_string)
                  0100c008    00000012     rtsv7M4_T_le_eabi.lib : wcslen.c.obj (.text:wcslen)
                  0100c01a    00000010     Board.obj (.text:Board_init)
                  0100c02a    00000010     freertos_builds_CC3220SF_LAUNCHXL_release_ccs.lib : ClockP_freertos.obj (.text:ClockP_getSystemTickPeriod)
                  0100c03a    00000002     --HOLE-- [fill = 0]
                  0100c03c    00000010     driverlib.a : systick.obj (.text:SysTickDisable)
                  0100c04c    00000010                 : systick.obj (.text:SysTickEnable)
                  0100c05c    00000010     cJSON.obj (.text:cJSON_Parse)
                  0100c06c    00000010     drivers_cc32xx.aem4 : UARTCC32XX.oem4 (.text:readBlockingTimeout)
                  0100c07c    00000010     rtsv7M4_T_le_eabi.lib : tolower.c.obj (.text:tolower)
                  0100c08c    00000010     freertos_builds_CC3220SF_LAUNCHXL_release_ccs.lib : list.obj (.text:vListInitialiseItem)
                  0100c09c    00000010                                                       : tasks.obj (.text:vTaskSuspendAll)
                  0100c0ac    0000000e     drivers_cc32xx.aem4 : PowerCC32XX.oem4 (.text:Power_getTransitionLatency)
                  0100c0ba    0000000e                         : RingBuf.oem4 (.text:RingBuf_isFull)
                  0100c0c8    0000000e     rtsv7M4_T_le_eabi.lib : copy_decompress_none.c.obj (.text:decompress:none:__TI_decompress_none)
                  0100c0d6    0000000c     driverlib.a : cpu.obj (.text:CPUwfi)
                  0100c0e2    00000002     --HOLE-- [fill = 0]
                  0100c0e4    0000000c     drivers_cc32xx.aem4 : PowerCC32XX.oem4 (.text:Power_getConstraintMask)
                  0100c0f0    0000000c     freertos_builds_CC3220SF_LAUNCHXL_release_ccs.lib : SemaphoreP_freertos.obj (.text:SemaphoreP_delete)
                  0100c0fc    0000000c     cJSON.obj (.text:cast_away_const)
                  0100c108    0000000c     rtsv7M4_T_le_eabi.lib : s_copysign.c.obj (.text:copysign)
                  0100c114    0000000c                           : copy_zero_init.c.obj (.text:decompress:ZI:__TI_zero_init)
                  0100c120    0000000c     drivers_cc32xx.aem4 : UARTCC32XX.oem4 (.text:postNotifyFxn)
                  0100c12c    0000000c     freertos_builds_CC3220SF_LAUNCHXL_release_ccs.lib : tasks.obj (.text:vTaskMissedYield)
                  0100c138    0000000a     driverlib.a : interrupt.obj (.text:IntMasterEnable)
                  0100c142    0000000a     drivers_cc32xx.aem4 : PWM.oem4 (.text:PWM_setDuty)
                  0100c14c    0000000a                         : PWM.oem4 (.text:PWM_start)
                  0100c156    0000000a                         : UART.oem4 (.text:UART_control)
                  0100c160    0000000a                         : UART.oem4 (.text:UART_read)
                  0100c16a    0000000a                         : UART.oem4 (.text:UART_write)
                  0100c174    0000000a     rtsv7M4_T_le_eabi.lib : sprintf.c.obj (.text:_outc)
                  0100c17e    0000000a     main_freertos.obj (.text:vApplicationStackOverflowHook)
                  0100c188    00000008     driverlib.a : prcm.obj (.text:PRCMSleepEnter)
                  0100c190    00000008     rtsv7M4_T_le_eabi.lib : sscanf.c.obj (.text:_uninpchar)
                  0100c198    00000008     drivers_cc32xx.aem4 : UARTCC32XX.oem4 (.text:readSemCallback)
                  0100c1a0    00000008                         : UARTCC32XX.oem4 (.text:writeSemCallback)
                  0100c1a8    00000006                         : PWMTimerCC32XX.oem4 (.text:PWMTimerCC32XX_control)
                  0100c1ae    00000006     driverlib.a : utils.obj (.text:UtilsDelay)
                  0100c1b4    00000004     rtsv7M4_T_le_eabi.lib : pre_init.c.obj (.text:_system_pre_init)
                  0100c1b8    00000004                           : exit.c.obj (.text:abort:abort)
                  0100c1bc    00000004     cJSON.obj (.text:get_decimal_point)

.const     0    0100c1c0    0000067e     
                  0100c1c0    00000101     rtsv7M4_T_le_eabi.lib : ctype.c.obj (.const:.string:_ctypes_)
                  0100c2c1    00000002     Board.obj (.const)
                  0100c2c3    00000001     --HOLE-- [fill = 0]
                  0100c2c4    00000100     driverlib.a : pin.obj (.const:g_ulPinToPadMap)
                  0100c3c4    000000d4                 : interrupt.obj (.const:g_pulRegs)
                  0100c498    000000c8     rtsv7M4_T_le_eabi.lib : strtod.c.obj (.const:$O1$$)
                  0100c560    000000a8     driverlib.a : prcm.obj (.const:PRCM_PeriphRegsList)
                  0100c608    00000040     Board.obj (.const:PowerCC32XX_config)
                  0100c648    00000030     Board.obj (.const:PWM_config)
                  0100c678    00000028     drivers_cc32xx.aem4 : UARTCC32XX.oem4 (.const:UARTCC32XX_fxnTable)
                  0100c6a0    00000024                         : PWMTimerCC32XX.oem4 (.const:PWMTimerCC32XX_fxnTable)
                  0100c6c4    00000024                         : UART.oem4 (.const:UART_defaultParams)
                  0100c6e8    00000024     Board.obj (.const:uartCC32XXHWAttrs0)
                  0100c70c    00000020     drivers_cc32xx.aem4 : PWMTimerCC32XX.oem4 (.const:gpioPinIndexes)
                  0100c72c    00000020                         : UARTCC32XX.oem4 (.const:staticFxnTable)
                  0100c74c    0000001c     cJSON.obj (.const:$P$T0$2)
                  0100c768    00000018     drivers_cc32xx.aem4 : PWM.oem4 (.const:PWM_defaultParams)
                  0100c780    00000018     driverlib.a : interrupt.obj (.const:g_pulDisRegs)
                  0100c798    00000018                 : interrupt.obj (.const:g_pulEnRegs)
                  0100c7b0    00000014     drivers_cc32xx.aem4 : UARTCC32XX.oem4 (.const:parityType)
                  0100c7c4    00000010     rtsv7M4_T_le_eabi.lib : _scanfi.c.obj (.const:$O1$$)
                  0100c7d4    00000010     drivers_cc32xx.aem4 : UARTCC32XX.oem4 (.const:dataLength)
                  0100c7e4    00000010                         : PWMTimerCC32XX.oem4 (.const:gpioBaseAddresses)
                  0100c7f4    00000010     Board.obj (.const:pwmTimerCC32XXHWAttrs)
                  0100c804    00000010     drivers_cc32xx.aem4 : PWMTimerCC32XX.oem4 (.const:timerBaseAddresses)
                  0100c814    0000000c     Board.obj (.const:UART_config)
                  0100c820    00000008     freertos_builds_CC3220SF_LAUNCHXL_release_ccs.lib : port.obj (.const)
                  0100c828    00000008     drivers_cc32xx.aem4 : UARTCC32XX.oem4 (.const:stopBits)
                  0100c830    00000008                         : PWMTimerCC32XX.oem4 (.const:timerHalves)
                  0100c838    00000004     freertos_builds_CC3220SF_LAUNCHXL_release_ccs.lib : pthread.obj (.const)
                  0100c83c    00000002                                                       : pthread.obj (.const:.string)

.cinit     0    0100c840    000000f0     
                  0100c840    000000cb     (.cinit..data.load) [load image, compression = lzss]
                  0100c90b    00000001     --HOLE-- [fill = 0]
                  0100c90c    0000000c     (__TI_handler_table)
                  0100c918    00000008     (.cinit..bss.load) [load image, compression = zero_init]
                  0100c920    00000010     (__TI_cinit_table)

.init_array 
*          0    01000800    00000000     UNINITIALIZED

.ramVecs   0    20000000    0000030c     NOLOAD SECTION
                  20000000    0000030c     freertos_builds_CC3220SF_LAUNCHXL_release_ccs.lib : startup_cc32xx_ccs.obj (.ramVecs)

.bss       0    2000030c    00008430     UNINITIALIZED
                  2000030c    00008000     freertos_builds_CC3220SF_LAUNCHXL_release_ccs.lib : heap_4.obj (.bss:ucHeap)
                  2000830c    0000012c     (.common:PowerCC32XX_contextSave)
                  20008438    000000c8                                                       : tasks.obj (.bss:pxReadyTasksLists)
                  20008500    00000090     (.common:pwmTimerCC32XXObjects)
                  20008590    00000084     (.common:uartCC32XXObjects0)
                  20008614    00000040     (.common:buffer)
                  20008654    00000020     Board.obj (.bss:uartCC32XXRingBuffer0)
                  20008674    00000014     freertos_builds_CC3220SF_LAUNCHXL_release_ccs.lib : timers.obj (.bss:xActiveTimerList1)
                  20008688    00000014                                                       : timers.obj (.bss:xActiveTimerList2)
                  2000869c    00000014                                                       : tasks.obj (.bss:xDelayedTaskList1)
                  200086b0    00000014                                                       : tasks.obj (.bss:xDelayedTaskList2)
                  200086c4    00000014                                                       : tasks.obj (.bss:xPendingReadyList)
                  200086d8    00000014                                                       : tasks.obj (.bss:xSuspendedTaskList)
                  200086ec    00000014                                                       : tasks.obj (.bss:xTasksWaitingTermination)
                  20008700    00000010     (.common:pwm)
                  20008710    00000008                                                       : tasks.obj (.bss)
                  20008718    00000008                                                       : timers.obj (.bss)
                  20008720    00000008                                                       : heap_4.obj (.bss:xStart)
                  20008728    00000004     drivers_cc32xx.aem4 : TimerCC32XX.oem4 (.bss:timerState)
                  2000872c    00000004     (.common:hInputQueue)
                  20008730    00000004     (.common:hOutputQueue)
                  20008734    00000004     (.common:hTimer)
                  20008738    00000004     (.common:hUART)

.data      0    2000873c    00000b02     UNINITIALIZED
                  2000873c    00000800     freertos_builds_CC3220SF_LAUNCHXL_release_ccs.lib : HwiPCC32XX_freertos.obj (.data:HwiP_dispatchTable)
                  20008f3c    0000016c     drivers_cc32xx.aem4 : PowerCC32XX.oem4 (.data:PowerCC32XX_module)
                  200090a8    000000f8     Board.obj (.data:parkInfo)
                  200091a0    00000034     freertos_builds_CC3220SF_LAUNCHXL_release_ccs.lib : tasks.obj (.data)
                  200091d4    00000018                                                       : port.obj (.data)
                  200091ec    00000014                                                       : pthread.obj (.data:defaultPthreadAttrs)
                  20009200    00000010                                                       : heap_4.obj (.data)
                  20009210    0000000c                                                       : timers.obj (.data)
                  2000921c    0000000c     cJSON.obj (.data:global_hooks)
                  20009228    00000008     cJSON.obj (.data:global_error)
                  20009230    00000004     freertos_builds_CC3220SF_LAUNCHXL_release_ccs.lib : ClockP_freertos.obj (.data)
                  20009234    00000004                                                       : HwiPCC32XX_freertos.obj (.data)
                  20009238    00000004                                                       : PowerCC32XX_freertos.obj (.data)
                  2000923c    00000001     drivers_cc32xx.aem4 : PWM.oem4 (.data)
                  2000923d    00000001                         : UART.oem4 (.data)

.stack     0    2003fc00    00000400     UNINITIALIZED
                  2003fc00    00000004     rtsv7M4_T_le_eabi.lib : boot_cortex_m.c.obj (.stack)
                  2003fc04    000003fc     --HOLE--

.binit     0    01000000    00000000     

MODULE SUMMARY

       Module                       code    ro data   rw data
       ------                       ----    -------   -------
    .\
       cJSON.obj                    6342    28        20     
       servo.obj                    854     0         20     
       input_queue.obj              456     0         68     
       servo_task.obj               513     0         0      
       uart_task.obj                472     0         4      
       output_queue.obj             160     0         4      
       main_freertos.obj            112     0         0      
       pwmled2.obj                  30      0         0      
    +--+----------------------------+-------+---------+---------+
       Total:                       8939    28        116    
                                                             
    .\syscfg\
       Board.obj                    18      178       556    
    +--+----------------------------+-------+---------+---------+
       Total:                       18      178       556    
                                                             
    C:/ti/simplelink_cc32xx_sdk_3_20_00_06/source/ti/devices/cc32xx/driverlib/ccs/Release/driverlib.a
       prcm.obj                     1756    168       0      
       interrupt.obj                520     260       0      
       pin.obj                      280     256       0      
       flash.obj                    72      0         0      
       uart.obj                     48      0         0      
       cpu.obj                      32      0         0      
       systick.obj                  32      0         0      
       utils.obj                    6       0         0      
    +--+----------------------------+-------+---------+---------+
       Total:                       2746    684       0      
                                                             
    C:/ti/simplelink_cc32xx_sdk_3_20_00_06/source/ti/drivers/lib/drivers_cc32xx.aem4
       UARTCC32XX.oem4              3442    116       0      
       PowerCC32XX.oem4             2322    0         664    
       PWMTimerCC32XX.oem4          1732    108       0      
       UART.oem4                    186     36        1      
       RingBuf.oem4                 198     0         0      
       PWM.oem4                     172     24        1      
       TimerCC32XX.oem4             184     0         4      
       PowerCC32XX_asm.oem4         150     0         0      
       List.oem4                    76      0         0      
    +--+----------------------------+-------+---------+---------+
       Total:                       8462    284       670    
                                                             
    C:\ti\ccs910\ccs\tools\compiler\ti-cgt-arm_18.12.3.LTS\lib\rtsv7M4_T_le_eabi.lib
       _printfi.c.obj               4835    0         0      
       _scanfi.c.obj                2744    16        0      
       strtod.c.obj                 1108    200       0      
       strtoll.c.obj                476     0         0      
       fd_add_t2.asm.obj            438     0         0      
       strtoull.c.obj               348     0         0      
       fd_div_t2.asm.obj            310     0         0      
       strtol.c.obj                 304     0         0      
       strtoul.c.obj                272     0         0      
       fd_cmp_t2.asm.obj            268     0         0      
       ctype.c.obj                  0       257       0      
       fd_mul_t2.asm.obj            252     0         0      
       s_scalbn.c.obj               208     0         0      
       sscanf.c.obj                 186     0         0      
       memcpy_t2.asm.obj            156     0         0      
       ull_div_t2.asm.obj           150     0         0      
       memset_t2.asm.obj            122     0         0      
       fd_tos_t2.asm.obj            110     0         0      
       copy_decompress_lzss.c.obj   104     0         0      
       sprintf.c.obj                98      0         0      
       s_frexp.c.obj                92      0         0      
       ltoa.c.obj                   84      0         0      
       atoi.c.obj                   76      0         0      
       fd_toi_t2.asm.obj            72      0         0      
       autoinit.c.obj               68      0         0      
       i_tofd_t2.asm.obj            46      0         0      
       strncmp.c.obj                44      0         0      
       boot_cortex_m.c.obj          36      0         0      
       memccpy.c.obj                28      0         0      
       ll_mul_t2.asm.obj            24      0         0      
       strcmp.c.obj                 24      0         0      
       strrchr.c.obj                24      0         0      
       strchr.c.obj                 22      0         0      
       strcpy.c.obj                 20      0         0      
       strlen.c.obj                 20      0         0      
       wcslen.c.obj                 18      0         0      
       tolower.c.obj                16      0         0      
       copy_decompress_none.c.obj   14      0         0      
       copy_zero_init.c.obj         12      0         0      
       s_copysign.c.obj             12      0         0      
       exit.c.obj                   4       0         0      
       pre_init.c.obj               4       0         0      
       div0.asm.obj                 2       0         0      
    +--+----------------------------+-------+---------+---------+
       Total:                       13251   473       0      
                                                             
    D:/MyProject/Workspace/freertos_builds_CC3220SF_LAUNCHXL_release_ccs/Debug/freertos_builds_CC3220SF_LAUNCHXL_release_ccs.lib
       heap_4.obj                   888     0         32792  
       tasks.obj                    4448    0         360    
       queue.obj                    3112    0         0      
       HwiPCC32XX_freertos.obj      332     0         2052   
       timers.obj                   1562    0         60     
       startup_cc32xx_ccs.obj       106     64        780    
       pthread.obj                  798     6         20     
       port.obj                     700     8         24     
       ClockP_freertos.obj          646     0         4      
       PowerCC32XX_freertos.obj     454     0         4      
       list.obj                     298     0         0      
       SemaphoreP_freertos.obj      206     0         0      
       memory.obj                   192     0         0      
       portasm.obj                  186     0         0      
       PTLS.obj                     70      0         0      
       aeabi_portable.obj           34      0         0      
    +--+----------------------------+-------+---------+---------+
       Total:                       14032   78        36096  
                                                             
       Stack:                       0       0         1024   
       Linker Generated:            0       239       0      
    +--+----------------------------+-------+---------+---------+
       Grand Total:                 47448   1964      38462  


LINKER GENERATED COPY TABLES

__TI_cinit_table @ 0100c920 records: 2, size/record: 8, table size: 16
	.data: load addr=0100c840, load size=000000cb bytes, run addr=2000873c, run size=00000b02 bytes, compression=lzss
	.bss: load addr=0100c918, load size=00000008 bytes, run addr=2000030c, run size=00008430 bytes, compression=zero_init


LINKER GENERATED HANDLER TABLE

__TI_handler_table @ 0100c90c records: 3, size/record: 4, table size: 12
	index: 0, handler: __TI_decompress_lzss
	index: 1, handler: __TI_decompress_none
	index: 2, handler: __TI_zero_init


GLOBAL SYMBOLS: SORTED ALPHABETICALLY BY Name 

address   name                               
-------   ----                               
0100c01b  Board_init                         
01001d47  Board_initHook                     
0100c1b9  C$$EXIT                            
0100be85  CPUcpsie                           
0100c0d7  CPUwfi                             
0100bbed  ClockP_Params_init                 
0100adc5  ClockP_callbackFxn                 
01008461  ClockP_create                      
0100a045  ClockP_delete                      
0100ba75  ClockP_getCpuFreq                  
0100c02b  ClockP_getSystemTickPeriod         
0100bdd5  ClockP_setTimeout                  
0100bb75  ClockP_start                       
0100995d  ClockP_stop                        
010095b5  CommunicationTask_start            
01008919  Communication_init                 
01007ddd  Communication_task                 
0100a71d  FlashDisable                       
0100bb93  HwiP_Params_init                   
01009b51  HwiP_create                        
0100bf9d  HwiP_delete                        
0100b5b9  HwiP_disable                       
0100a765  HwiP_dispatch                      
2000873c  HwiP_dispatchTable                 
0100b6c1  HwiP_inISR                         
0100ba95  HwiP_restore                       
0100b6e9  InputQueue_init                    
010048bd  InputQueue_recv                    
0100b711  InputQueue_send                    
0100b739  InputQueue_sendISR                 
01007e89  IntDisable                         
01007f31  IntEnable                          
0100c139  IntMasterEnable                    
0100a099  IntPrioritySet                     
0100bab5  IntRegister                        
0100b939  IntUnregister                      
0100be99  IntVTableBaseSet                   
0100b8a1  List_put                           
0100b8c7  List_remove                        
0100b879  OnTimer                            
0100b761  OutputQueue_init                   
0100b789  OutputQueue_recv                   
0100a2e1  OutputQueue_send                   
0100219d  PRCMCC3200MCUInit                  
0100bdeb  PRCMHIBRegRead                     
0100be01  PRCMHIBRegWrite                    
0100a7ad  PRCMLPDSEnter                      
0100b111  PRCMLPDSEnterKeepDebugIf           
0100b5e5  PRCMLPDSIntervalSet                
0100a9a5  PRCMLPDSRestoreInfoSet             
0100b7b1  PRCMLPDSWakeupSourceEnable         
0100b7d9  PRCMPeripheralClkDisable           
0100a7f5  PRCMPeripheralClkEnable            
01009de1  PRCMPeripheralReset                
0100c189  PRCMSleepEnter                     
0100ae81  PRCMSlowClkCtrFastGet              
01009bb1  PRCMSysResetCauseGet               
0100be17  PTLS_getBuf                        
0100be2d  PTLS_setBuf                        
0100bcb1  PTLS_taskDeleteHook                
010089a1  PWMTimerCC32XX_close               
0100c1a9  PWMTimerCC32XX_control             
0100c6a0  PWMTimerCC32XX_fxnTable            
010035eb  PWMTimerCC32XX_init                
01006855  PWMTimerCC32XX_open                
010076dd  PWMTimerCC32XX_setDuty             
01004c99  PWMTimerCC32XX_setDutyAndPeriod    
01008639  PWMTimerCC32XX_setPeriod           
0100968d  PWMTimerCC32XX_start               
01007025  PWMTimerCC32XX_stop                
0100bead  PWM_Params_init                    
0100c648  PWM_config                         
0100c2c1  PWM_count                          
0100c768  PWM_defaultParams                  
0100a9e9  PWM_init                           
0100ac05  PWM_open                           
0100c143  PWM_setDuty                        
0100c14d  PWM_start                          
01008a29  PinConfigSet                       
0100b299  PinModeGet                         
0100ac45  PinModeSet                         
0100bc09  PinToPadGet                        
0100c608  PowerCC32XX_config                 
01007fd9  PowerCC32XX_configureWakeup        
2000830c  PowerCC32XX_contextSave            
0100aa2d  PowerCC32XX_enterLPDS              
0100b611  PowerCC32XX_getParkState           
0100395b  PowerCC32XX_initPolicy             
20008f3c  PowerCC32XX_module                 
0100a471  PowerCC32XX_parkPin                
0100b2cd  PowerCC32XX_restoreParkState       
0100b46d  PowerCC32XX_restoreParkedPin       
0100a23d  PowerCC32XX_resumeLPDS             
010099c1  PowerCC32XX_setParkState           
0100395d  PowerCC32XX_sleepPolicy            
0100c0e5  Power_getConstraintMask            
0100bec1  Power_getDependencyCount           
0100c0ad  Power_getTransitionLatency         
0100bce5  Power_idleFunc                     
01008c45  Power_init                         
0100b801  Power_registerNotify               
0100a83d  Power_releaseConstraint            
01009e39  Power_releaseDependency            
0100aebd  Power_setConstraint                
01008dd1  Power_setDependency                
01005c19  Power_sleep                        
0100bad5  Power_unregisterNotify             
0100bfaf  RingBuf_construct                  
0100ac85  RingBuf_get                        
0100c0bb  RingBuf_isFull                     
0100baf5  RingBuf_peek                       
0100a95d  RingBuf_put                        
01003ffd  RobotArmTask                       
01009225  RobotArmTask_start                 
0100bb15  RobotArm_Resume                    
0100578d  RobotArm_init                      
01006075  RobotArm_move                      
0100b301  RobotArm_reset                     
0100b09d  RobotArm_setAngle                  
0100a331  RobotArm_start                     
0100bc25  RobotArm_stop                      
0100be43  SemaphoreP_Params_init             
01009f99  SemaphoreP_create                  
0100c0f1  SemaphoreP_delete                  
0100b335  SemaphoreP_pend                    
0100b9ed  SemaphoreP_post                    
0100c03d  SysTickDisable                     
0100c04d  SysTickEnable                      
0100a381  TimerCC32XX_allocateTimerResource  
0100b369  TimerCC32XX_freeTimerResource      
0100bcfd  UARTBusy                           
010059d9  UARTCC32XX_close                   
01006671  UARTCC32XX_control                 
0100c678  UARTCC32XX_fxnTable                
01003e5f  UARTCC32XX_init                    
010025c9  UARTCC32XX_open                    
0100acc5  UARTCC32XX_read                    
0100b261  UARTCC32XX_readCancel              
01007565  UARTCC32XX_readPolling             
01006f59  UARTCC32XX_write                   
010097c5  UARTCC32XX_writeCancel             
01009aed  UARTCC32XX_writePolling            
0100bd15  UARTIntEnable                      
0100bd2d  UART_Params_init                   
0100b149  UART_ReadCallback                  
0100c814  UART_config                        
0100c157  UART_control                       
0100c2c2  UART_count                         
0100c6c4  UART_defaultParams                 
0100aa71  UART_init                          
0100ad05  UART_open                          
0100c161  UART_read                          
0100c16b  UART_write                         
0100c1af  UtilsDelay                         
20040000  __STACK_END                        
00000400  __STACK_SIZE                       
0100c920  __TI_CINIT_Base                    
0100c930  __TI_CINIT_Limit                   
0100c90c  __TI_Handler_Table_Base            
0100c918  __TI_Handler_Table_Limit           
0100aab5  __TI_auto_init_nobinit_nopinit     
0100975d  __TI_decompress_lzss               
0100c0c9  __TI_decompress_none               
ffffffff  __TI_pprof_out_hndl                
010012f9  __TI_printfi                       
ffffffff  __TI_prof_data_size                
ffffffff  __TI_prof_data_start               
01000841  __TI_scanfi                        
0100c840  __TI_static_base__                 
0100c115  __TI_zero_init                     
01008b39  __aeabi_cdcmpeq                    
01008b39  __aeabi_cdcmple                    
01008bbf  __aeabi_cdrcmple                   
01009547  __aeabi_d2f                        
0100a8cd  __aeabi_d2iz                       
010037af  __aeabi_dadd                       
010052c9  __aeabi_ddiv                       
01006287  __aeabi_dmul                       
010037a5  __aeabi_dsub                       
0100ba0f  __aeabi_errno_addr                 
0100b58b  __aeabi_i2d                        
010059d7  __aeabi_idiv0                      
010059d7  __aeabi_ldiv0                      
0100bd75  __aeabi_lmul                       
01008fc7  __aeabi_memclr                     
01008fc7  __aeabi_memclr4                    
01008fc7  __aeabi_memclr8                    
01008501  __aeabi_memcpy                     
01008501  __aeabi_memcpy4                    
01008501  __aeabi_memcpy8                    
01008fc9  __aeabi_memset                     
01008fc9  __aeabi_memset4                    
01008fc9  __aeabi_memset8                    
010086d1  __aeabi_uldivmod                   
ffffffff  __binit__                          
ffffffff  __c_args__                         
UNDEFED   __mpu_init                         
2003fc00  __stack                            
0100b95d  _c_int00_noargs                    
0100c1c0  _ctypes_                           
0100b8ed  _pthread_cleanup_pop               
UNDEFED   _system_post_cinit                 
0100c1b5  _system_pre_init                   
0100c1b9  abort                              
0100a4bd  atoi                               
ffffffff  binit                              
20008614  buffer                             
0100aef9  cJSON_AddStringToObject            
0100bc41  cJSON_CreateObject                 
0100af35  cJSON_CreateString                 
010090bd  cJSON_Delete                       
0100bfd3  cJSON_GetObjectItem                
0100c05d  cJSON_Parse                        
01006481  cJSON_ParseWithOpts                
0100bed5  cJSON_PrintUnformatted             
0100c109  copysign                           
0100c109  copysignl                          
01009e91  eTaskConfirmSleepModeStatus        
0100bd5d  free                               
01009c71  frexp                              
01009c71  frexpl                             
2000872c  hInputQueue                        
20008730  hOutputQueue                       
20008734  hTimer                             
20008738  hUART                              
0100a5a1  initVectors                        
01006e89  ldexp                              
01006e89  ldexpl                             
0100a141  ltoa                               
01009a25  main                               
0100bbcf  mainThread                         
0100abc3  malloc                             
0100bc5d  memccpy                            
01008501  memcpy                             
01008fcf  memset                             
200090a8  parkInfo                           
0100bc79  pthread_attr_init                  
0100ba53  pthread_attr_setdetachstate        
0100b829  pthread_attr_setschedparam         
0100befd  pthread_attr_setstacksize          
01005191  pthread_create                     
01009d29  pthread_exit                       
0100bf11  pthread_self                       
0100ae41  pthread_setcancelstate             
01004485  pvPortMalloc                       
0100afe9  pvTaskGetThreadLocalStoragePointer 
0100bc95  pvTaskIncrementMutexHeldCount      
0100b55d  pvTimerGetTimerID                  
20008700  pwm                                
0100c7f4  pwmTimerCC32XXHWAttrs              
20008500  pwmTimerCC32XXObjects              
200091a0  pxCurrentTCB                       
0100a3d1  pxPortInitialiseStack              
01009891  realloc                            
0100be59  resetISR                           
0100be68  resetVectorAddr                    
01000800  resetVectors                       
01006e89  scalbn                             
01006e89  scalbnl                            
0100ad45  sprintf                            
0100b229  sscanf                             
0100be6f  strchr                             
0100bd8d  strcmp                             
0100bf39  strcpy                             
0100bf4d  strlen                             
0100b63d  strncmp                            
0100bda5  strrchr                            
01001d49  strtod                             
01005531  strtol                             
01001d49  strtold                            
01002ea5  strtoll                            
01005f65  strtoul                            
01004761  strtoull                           
0100c07d  tolower                            
20008590  uartCC32XXObjects0                 
0100c820  ulMaxSyscallInterruptPriority      
01007631  ulPortGetIPSR                      
0100a915  uxListRemove                       
01006383  vApplicationMallocFailedHook       
0100c17f  vApplicationStackOverflowHook      
0100b4cd  vListInitialise                    
0100c08d  vListInitialiseItem                
010098f7  vListInsert                        
0100b025  vListInsertEnd                     
0100a6d1  vPortEnterCritical                 
0100b4fd  vPortExitCritical                  
0100859d  vPortFree                          
01007695  vPortSVCHandler                    
01009ee9  vPortSetupTimerInterrupt           
010076b9  vPortStartFirstTask                
0100bf61  vPortSuppressTicksAndSleep         
010093f5  vPortValidateInterruptPriority     
0100b9a5  vQueueDelete                       
01009d85  vQueueWaitForMessageRestricted     
01006579  vTaskDelete                        
0100b9c9  vTaskInternalSetTimeOutState       
0100c12d  vTaskMissedYield                   
0100b405  vTaskPlaceOnEventList              
0100ad85  vTaskPlaceOnEventListRestricted    
01005e51  vTaskPriorityDisinheritAfterTimeout
0100b669  vTaskSetApplicationTaskTag         
0100b439  vTaskSetThreadLocalStoragePointer  
01008769  vTaskStartScheduler                
0100ab3d  vTaskStepTick                      
01006385  vTaskSuspend                       
0100c09d  vTaskSuspendAll                    
01006bfd  vTaskSwitchContext                 
0100c009  wcslen                             
01007649  xPortPendSVHandler                 
0100726d  xPortStartScheduler                
0100b695  xPortSysTickHandler                
01009f41  xQueueCreateCountingSemaphore      
01009621  xQueueGenericCreate                
0100784d  xQueueGenericReset                 
010035ed  xQueueGenericSend                  
01006183  xQueueGenericSendFromISR           
01006945  xQueueGiveFromISR                  
0100418d  xQueueReceive                      
01006cd9  xQueueReceiveFromISR               
01003081  xQueueSemaphoreTake                
01007b21  xTaskCheckForTimeOut               
01009041  xTaskCreate                        
0100b851  xTaskGetApplicationTaskTag         
0100bf75  xTaskGetCurrentTaskHandle          
0100b52d  xTaskGetSchedulerState             
0100bf89  xTaskGetTickCount                  
01005055  xTaskIncrementTick                 
01006b1d  xTaskPriorityDisinherit            
01006a35  xTaskPriorityInherit               
010081d1  xTaskRemoveFromEventList           
01005d35  xTaskResumeAll                     
0100b061  xTimerCreate                       
0100a1e9  xTimerCreateTimerTask              
01008d4d  xTimerGenericCommand               


GLOBAL SYMBOLS: SORTED BY Symbol Address 

address   name                               
-------   ----                               
00000400  __STACK_SIZE                       
01000800  resetVectors                       
01000841  __TI_scanfi                        
010012f9  __TI_printfi                       
01001d47  Board_initHook                     
01001d49  strtod                             
01001d49  strtold                            
0100219d  PRCMCC3200MCUInit                  
010025c9  UARTCC32XX_open                    
01002ea5  strtoll                            
01003081  xQueueSemaphoreTake                
010035eb  PWMTimerCC32XX_init                
010035ed  xQueueGenericSend                  
010037a5  __aeabi_dsub                       
010037af  __aeabi_dadd                       
0100395b  PowerCC32XX_initPolicy             
0100395d  PowerCC32XX_sleepPolicy            
01003e5f  UARTCC32XX_init                    
01003ffd  RobotArmTask                       
0100418d  xQueueReceive                      
01004485  pvPortMalloc                       
01004761  strtoull                           
010048bd  InputQueue_recv                    
01004c99  PWMTimerCC32XX_setDutyAndPeriod    
01005055  xTaskIncrementTick                 
01005191  pthread_create                     
010052c9  __aeabi_ddiv                       
01005531  strtol                             
0100578d  RobotArm_init                      
010059d7  __aeabi_idiv0                      
010059d7  __aeabi_ldiv0                      
010059d9  UARTCC32XX_close                   
01005c19  Power_sleep                        
01005d35  xTaskResumeAll                     
01005e51  vTaskPriorityDisinheritAfterTimeout
01005f65  strtoul                            
01006075  RobotArm_move                      
01006183  xQueueGenericSendFromISR           
01006287  __aeabi_dmul                       
01006383  vApplicationMallocFailedHook       
01006385  vTaskSuspend                       
01006481  cJSON_ParseWithOpts                
01006579  vTaskDelete                        
01006671  UARTCC32XX_control                 
01006855  PWMTimerCC32XX_open                
01006945  xQueueGiveFromISR                  
01006a35  xTaskPriorityInherit               
01006b1d  xTaskPriorityDisinherit            
01006bfd  vTaskSwitchContext                 
01006cd9  xQueueReceiveFromISR               
01006e89  ldexp                              
01006e89  ldexpl                             
01006e89  scalbn                             
01006e89  scalbnl                            
01006f59  UARTCC32XX_write                   
01007025  PWMTimerCC32XX_stop                
0100726d  xPortStartScheduler                
01007565  UARTCC32XX_readPolling             
01007631  ulPortGetIPSR                      
01007649  xPortPendSVHandler                 
01007695  vPortSVCHandler                    
010076b9  vPortStartFirstTask                
010076dd  PWMTimerCC32XX_setDuty             
0100784d  xQueueGenericReset                 
01007b21  xTaskCheckForTimeOut               
01007ddd  Communication_task                 
01007e89  IntDisable                         
01007f31  IntEnable                          
01007fd9  PowerCC32XX_configureWakeup        
010081d1  xTaskRemoveFromEventList           
01008461  ClockP_create                      
01008501  __aeabi_memcpy                     
01008501  __aeabi_memcpy4                    
01008501  __aeabi_memcpy8                    
01008501  memcpy                             
0100859d  vPortFree                          
01008639  PWMTimerCC32XX_setPeriod           
010086d1  __aeabi_uldivmod                   
01008769  vTaskStartScheduler                
01008919  Communication_init                 
010089a1  PWMTimerCC32XX_close               
01008a29  PinConfigSet                       
01008b39  __aeabi_cdcmpeq                    
01008b39  __aeabi_cdcmple                    
01008bbf  __aeabi_cdrcmple                   
01008c45  Power_init                         
01008d4d  xTimerGenericCommand               
01008dd1  Power_setDependency                
01008fc7  __aeabi_memclr                     
01008fc7  __aeabi_memclr4                    
01008fc7  __aeabi_memclr8                    
01008fc9  __aeabi_memset                     
01008fc9  __aeabi_memset4                    
01008fc9  __aeabi_memset8                    
01008fcf  memset                             
01009041  xTaskCreate                        
010090bd  cJSON_Delete                       
01009225  RobotArmTask_start                 
010093f5  vPortValidateInterruptPriority     
01009547  __aeabi_d2f                        
010095b5  CommunicationTask_start            
01009621  xQueueGenericCreate                
0100968d  PWMTimerCC32XX_start               
0100975d  __TI_decompress_lzss               
010097c5  UARTCC32XX_writeCancel             
01009891  realloc                            
010098f7  vListInsert                        
0100995d  ClockP_stop                        
010099c1  PowerCC32XX_setParkState           
01009a25  main                               
01009aed  UARTCC32XX_writePolling            
01009b51  HwiP_create                        
01009bb1  PRCMSysResetCauseGet               
01009c71  frexp                              
01009c71  frexpl                             
01009d29  pthread_exit                       
01009d85  vQueueWaitForMessageRestricted     
01009de1  PRCMPeripheralReset                
01009e39  Power_releaseDependency            
01009e91  eTaskConfirmSleepModeStatus        
01009ee9  vPortSetupTimerInterrupt           
01009f41  xQueueCreateCountingSemaphore      
01009f99  SemaphoreP_create                  
0100a045  ClockP_delete                      
0100a099  IntPrioritySet                     
0100a141  ltoa                               
0100a1e9  xTimerCreateTimerTask              
0100a23d  PowerCC32XX_resumeLPDS             
0100a2e1  OutputQueue_send                   
0100a331  RobotArm_start                     
0100a381  TimerCC32XX_allocateTimerResource  
0100a3d1  pxPortInitialiseStack              
0100a471  PowerCC32XX_parkPin                
0100a4bd  atoi                               
0100a5a1  initVectors                        
0100a6d1  vPortEnterCritical                 
0100a71d  FlashDisable                       
0100a765  HwiP_dispatch                      
0100a7ad  PRCMLPDSEnter                      
0100a7f5  PRCMPeripheralClkEnable            
0100a83d  Power_releaseConstraint            
0100a8cd  __aeabi_d2iz                       
0100a915  uxListRemove                       
0100a95d  RingBuf_put                        
0100a9a5  PRCMLPDSRestoreInfoSet             
0100a9e9  PWM_init                           
0100aa2d  PowerCC32XX_enterLPDS              
0100aa71  UART_init                          
0100aab5  __TI_auto_init_nobinit_nopinit     
0100ab3d  vTaskStepTick                      
0100abc3  malloc                             
0100ac05  PWM_open                           
0100ac45  PinModeSet                         
0100ac85  RingBuf_get                        
0100acc5  UARTCC32XX_read                    
0100ad05  UART_open                          
0100ad45  sprintf                            
0100ad85  vTaskPlaceOnEventListRestricted    
0100adc5  ClockP_callbackFxn                 
0100ae41  pthread_setcancelstate             
0100ae81  PRCMSlowClkCtrFastGet              
0100aebd  Power_setConstraint                
0100aef9  cJSON_AddStringToObject            
0100af35  cJSON_CreateString                 
0100afe9  pvTaskGetThreadLocalStoragePointer 
0100b025  vListInsertEnd                     
0100b061  xTimerCreate                       
0100b09d  RobotArm_setAngle                  
0100b111  PRCMLPDSEnterKeepDebugIf           
0100b149  UART_ReadCallback                  
0100b229  sscanf                             
0100b261  UARTCC32XX_readCancel              
0100b299  PinModeGet                         
0100b2cd  PowerCC32XX_restoreParkState       
0100b301  RobotArm_reset                     
0100b335  SemaphoreP_pend                    
0100b369  TimerCC32XX_freeTimerResource      
0100b405  vTaskPlaceOnEventList              
0100b439  vTaskSetThreadLocalStoragePointer  
0100b46d  PowerCC32XX_restoreParkedPin       
0100b4cd  vListInitialise                    
0100b4fd  vPortExitCritical                  
0100b52d  xTaskGetSchedulerState             
0100b55d  pvTimerGetTimerID                  
0100b58b  __aeabi_i2d                        
0100b5b9  HwiP_disable                       
0100b5e5  PRCMLPDSIntervalSet                
0100b611  PowerCC32XX_getParkState           
0100b63d  strncmp                            
0100b669  vTaskSetApplicationTaskTag         
0100b695  xPortSysTickHandler                
0100b6c1  HwiP_inISR                         
0100b6e9  InputQueue_init                    
0100b711  InputQueue_send                    
0100b739  InputQueue_sendISR                 
0100b761  OutputQueue_init                   
0100b789  OutputQueue_recv                   
0100b7b1  PRCMLPDSWakeupSourceEnable         
0100b7d9  PRCMPeripheralClkDisable           
0100b801  Power_registerNotify               
0100b829  pthread_attr_setschedparam         
0100b851  xTaskGetApplicationTaskTag         
0100b879  OnTimer                            
0100b8a1  List_put                           
0100b8c7  List_remove                        
0100b8ed  _pthread_cleanup_pop               
0100b939  IntUnregister                      
0100b95d  _c_int00_noargs                    
0100b9a5  vQueueDelete                       
0100b9c9  vTaskInternalSetTimeOutState       
0100b9ed  SemaphoreP_post                    
0100ba0f  __aeabi_errno_addr                 
0100ba53  pthread_attr_setdetachstate        
0100ba75  ClockP_getCpuFreq                  
0100ba95  HwiP_restore                       
0100bab5  IntRegister                        
0100bad5  Power_unregisterNotify             
0100baf5  RingBuf_peek                       
0100bb15  RobotArm_Resume                    
0100bb75  ClockP_start                       
0100bb93  HwiP_Params_init                   
0100bbcf  mainThread                         
0100bbed  ClockP_Params_init                 
0100bc09  PinToPadGet                        
0100bc25  RobotArm_stop                      
0100bc41  cJSON_CreateObject                 
0100bc5d  memccpy                            
0100bc79  pthread_attr_init                  
0100bc95  pvTaskIncrementMutexHeldCount      
0100bcb1  PTLS_taskDeleteHook                
0100bce5  Power_idleFunc                     
0100bcfd  UARTBusy                           
0100bd15  UARTIntEnable                      
0100bd2d  UART_Params_init                   
0100bd5d  free                               
0100bd75  __aeabi_lmul                       
0100bd8d  strcmp                             
0100bda5  strrchr                            
0100bdd5  ClockP_setTimeout                  
0100bdeb  PRCMHIBRegRead                     
0100be01  PRCMHIBRegWrite                    
0100be17  PTLS_getBuf                        
0100be2d  PTLS_setBuf                        
0100be43  SemaphoreP_Params_init             
0100be59  resetISR                           
0100be68  resetVectorAddr                    
0100be6f  strchr                             
0100be85  CPUcpsie                           
0100be99  IntVTableBaseSet                   
0100bead  PWM_Params_init                    
0100bec1  Power_getDependencyCount           
0100bed5  cJSON_PrintUnformatted             
0100befd  pthread_attr_setstacksize          
0100bf11  pthread_self                       
0100bf39  strcpy                             
0100bf4d  strlen                             
0100bf61  vPortSuppressTicksAndSleep         
0100bf75  xTaskGetCurrentTaskHandle          
0100bf89  xTaskGetTickCount                  
0100bf9d  HwiP_delete                        
0100bfaf  RingBuf_construct                  
0100bfd3  cJSON_GetObjectItem                
0100c009  wcslen                             
0100c01b  Board_init                         
0100c02b  ClockP_getSystemTickPeriod         
0100c03d  SysTickDisable                     
0100c04d  SysTickEnable                      
0100c05d  cJSON_Parse                        
0100c07d  tolower                            
0100c08d  vListInitialiseItem                
0100c09d  vTaskSuspendAll                    
0100c0ad  Power_getTransitionLatency         
0100c0bb  RingBuf_isFull                     
0100c0c9  __TI_decompress_none               
0100c0d7  CPUwfi                             
0100c0e5  Power_getConstraintMask            
0100c0f1  SemaphoreP_delete                  
0100c109  copysign                           
0100c109  copysignl                          
0100c115  __TI_zero_init                     
0100c12d  vTaskMissedYield                   
0100c139  IntMasterEnable                    
0100c143  PWM_setDuty                        
0100c14d  PWM_start                          
0100c157  UART_control                       
0100c161  UART_read                          
0100c16b  UART_write                         
0100c17f  vApplicationStackOverflowHook      
0100c189  PRCMSleepEnter                     
0100c1a9  PWMTimerCC32XX_control             
0100c1af  UtilsDelay                         
0100c1b5  _system_pre_init                   
0100c1b9  C$$EXIT                            
0100c1b9  abort                              
0100c1c0  _ctypes_                           
0100c2c1  PWM_count                          
0100c2c2  UART_count                         
0100c608  PowerCC32XX_config                 
0100c648  PWM_config                         
0100c678  UARTCC32XX_fxnTable                
0100c6a0  PWMTimerCC32XX_fxnTable            
0100c6c4  UART_defaultParams                 
0100c768  PWM_defaultParams                  
0100c7f4  pwmTimerCC32XXHWAttrs              
0100c814  UART_config                        
0100c820  ulMaxSyscallInterruptPriority      
0100c840  __TI_static_base__                 
0100c90c  __TI_Handler_Table_Base            
0100c918  __TI_Handler_Table_Limit           
0100c920  __TI_CINIT_Base                    
0100c930  __TI_CINIT_Limit                   
2000830c  PowerCC32XX_contextSave            
20008500  pwmTimerCC32XXObjects              
20008590  uartCC32XXObjects0                 
20008614  buffer                             
20008700  pwm                                
2000872c  hInputQueue                        
20008730  hOutputQueue                       
20008734  hTimer                             
20008738  hUART                              
2000873c  HwiP_dispatchTable                 
20008f3c  PowerCC32XX_module                 
200090a8  parkInfo                           
200091a0  pxCurrentTCB                       
2003fc00  __stack                            
20040000  __STACK_END                        
ffffffff  __TI_pprof_out_hndl                
ffffffff  __TI_prof_data_size                
ffffffff  __TI_prof_data_start               
ffffffff  __binit__                          
ffffffff  __c_args__                         
ffffffff  binit                              
UNDEFED   __mpu_init                         
UNDEFED   _system_post_cinit                 

[334 symbols]
