******************************************************************************
                  TI ARM Linker PC v18.12.3                    
******************************************************************************
>> Linked Tue Dec 17 19:12:20 2019

OUTPUT FILE NAME:   <RobotArm.out>
ENTRY POINT SYMBOL: "resetISR"  address: 01019f0d


MEMORY CONFIGURATION

         name            origin    length      used     unused   attr    fill
----------------------  --------  ---------  --------  --------  ----  --------
  FLASH_HDR             01000000   000007ff  00000000  000007ff  R  X
  FLASH                 01000800   000ff800  0001aa44  000e4dbc  R  X
  SRAM                  20000000   00040000  0000ad9d  00035263  RW X


SEGMENT ALLOCATION MAP

run origin  load origin   length   init length attrs members
----------  ----------- ---------- ----------- ----- -------
01000800    01000800    0001aa50   0001aa50    r-x
  01000800    01000800    00000040   00000040    r-- .resetVecs
  01000840    01000840    00019d8a   00019d8a    r-x .text
  0101a5d0    0101a5d0    00000aba   00000aba    r-- .const
  0101b090    0101b090    000001c0   000001c0    r-- .cinit
20000400    20000400    0000a694   00000000    rw-
  20000400    20000400    000099d9   00000000    rw- .bss
  20009ddc    20009ddc    00000cb8   00000000    rw- .data
2003fc00    2003fc00    00000400   00000000    rw-
  2003fc00    2003fc00    00000400   00000000    rw- .stack


SECTION ALLOCATION MAP

 output                                  attributes/
section   page    origin      length       input sections
--------  ----  ----------  ----------   ----------------
.resetVecs 
*          0    01000800    00000040     
                  01000800    00000040     freertos_builds_CC3220SF_LAUNCHXL_release_ccs.lib : startup_cc32xx_ccs.obj (.resetVecs:retain)

.text      0    01000840    00019d8a     
                  01000840    00000ab8     rtsv7M4_T_le_eabi.lib : _scanfi.c.obj (.text:__TI_scanfi)
                  010012f8    00000a4e                           : _printfi.c.obj (.text:__TI_printfi)
                  01001d46    00000002     Board.obj (.text:Board_initHook)
                  01001d48    000008cc     simplelink.a : driver.obj (.text:_SlDrvMsgRead)
                  01002614    000004bc                  : sl_socket.obj (.text:_SlSocketHandleAsync_Select)
                  01002ad0    00000454     rtsv7M4_T_le_eabi.lib : strtod.c.obj (.text:strtod)
                  01002f24    0000042c     driverlib.a : prcm.obj (.text:PRCMCC3200MCUInit)
                  01003350    00000384     simplelink.a : driver.obj (.text:_SlDrvMsgWrite)
                  010036d4    00000334     client_cbs.obj (.text:MqttClientCallback)
                  01003a08    00000320     network_if.obj (.text:Network_IF_ConnectAP)
                  01003d28    000002e0     simplelink.a : driver.obj (.text:_SlDrvWaitForPoolObj)
                  01004008    000002d8                  : driver.obj (.text:_SlDrvRxHdrRead)
                  010042e0    000002b4                  : sl_socket.obj (.text:sl_Select)
                  01004594    00000294                  : driver.obj (.text:_SlDrvReleasePoolObj)
                  01004828    0000028d     network_if.obj (.text:SimpleLinkSockEventHandler)
                  01004ab5    00000001     --HOLE-- [fill = 0]
                  01004ab6    00000002     driverlib.a : interrupt.obj (.text:IntDefaultHandler)
                  01004ab8    0000027c     simplelink.a : wlan.obj (.text:sl_WlanConnect)
                  01004d34    00000278     drivers_cc32xx.aem4 : UARTCC32XX.oem4 (.text:UARTCC32XX_open)
                  01004fac    00000278     freertos_builds_CC3220SF_LAUNCHXL_release_ccs.lib : mqueue.obj (.text:mq_open)
                  01005224    00000274     simplelink.a : driver.obj (.text:_SlDrvDataReadOp)
                  01005498    00000268     rtsv7M4_T_le_eabi.lib : _printfi.c.obj (.text:_pconv_a)
                  01005700    00000264     network_if.obj (.text:Network_IF_InitDriver)
                  01005964    00000258     mqtt_client.obj (.text:MqttClient_start)
                  01005bbc    0000024c     main.obj (.text:mainThread)
                  01005e08    00000234     main.obj (.text:DisplayAppBanner)
                  0100603c    00000224     simplelink.a : driver.obj (.text:_SlDrvDriverCBInit)
                  01006260    00000218                  : driver.obj (.text:_SlDrvDataWriteOp)
                  01006478    000001fe     cJSON.obj (.text:print_object)
                  01006676    000001fc     cJSON.obj (.text:parse_string)
                  01006872    00000002     drivers_cc32xx.aem4 : PWMTimerCC32XX.oem4 (.text:PWMTimerCC32XX_init)
                  01006874    000001f4     simplelink.a : driver.obj (.text:_SlDrvMsgReadCmdCtx)
                  01006a68    000001f2                  : netapp.obj (.text:_SlNetAppEventHandler)
                  01006c5a    00000002     freertos_builds_CC3220SF_LAUNCHXL_release_ccs.lib : PowerCC32XX_freertos.obj (.text:PowerCC32XX_initPolicy)
                  01006c5c    000001e1     network_if.obj (.text:SimpleLinkFatalErrorEventHandler)
                  01006e3d    00000001     --HOLE-- [fill = 0]
                  01006e3e    00000002     drivers_cc32xx.aem4 : UARTCC32XX.oem4 (.text:UARTCC32XX_init)
                  01006e40    000001dc     rtsv7M4_T_le_eabi.lib : strtoll.c.obj (.text:strtoll)
                  0100701c    000001d8     network_if.obj (.text:SimpleLinkWlanEventHandler)
                  010071f4    000001d4     freertos_builds_CC3220SF_LAUNCHXL_release_ccs.lib : queue.obj (.text:xQueueSemaphoreTake)
                  010073c8    000001d0     drivers_cc32xx.aem4 : SPICC32XXDMA.oem4 (.text:SPICC32XXDMA_transfer)
                  01007598    000001cc     rtsv7M4_T_le_eabi.lib : _printfi.c.obj (.text:_pconv_g)
                  01007764    000001ca     cJSON.obj (.text:print_string_ptr)
                  0100792e    00000002     freertos_builds_CC3220SF_LAUNCHXL_release_ccs.lib : startup_cc32xx_ccs.obj (.text:busFaultHandler)
                  01007930    000001c8     simplelink.a : device.obj (.text:sl_Stop)
                  01007af8    000001c0     mqtt_client.obj (.text:MqttClient)
                  01007cb8    000001b8     drivers_cc32xx.aem4 : SPICC32XXDMA.oem4 (.text:configDMA)
                  01007e70    000001b8     freertos_builds_CC3220SF_LAUNCHXL_release_ccs.lib : queue.obj (.text:xQueueGenericSend)
                  01008028    000001b6     rtsv7M4_T_le_eabi.lib : fd_add_t2.asm.obj (.text)
                  010081de    00000002     freertos_builds_CC3220SF_LAUNCHXL_release_ccs.lib : startup_cc32xx_ccs.obj (.text:defaultHandler)
                  010081e0    000001b4     simplelink.a : driver.obj (.text:_SlDrvReleaseAllActivePendingPoolObj)
                  01008394    000001b4                  : sl_socket.obj (.text:sl_Accept)
                  01008548    000001b0     freertos_builds_CC3220SF_LAUNCHXL_release_ccs.lib : PowerCC32XX_freertos.obj (.text:PowerCC32XX_sleepPolicy)
                  010086f8    000001ac     cJSON.obj (.text:utf16_literal_to_utf8)
                  010088a4    000001a6     cJSON.obj (.text:parse_object)
                  01008a4a    00000002     freertos_builds_CC3220SF_LAUNCHXL_release_ccs.lib : startup_cc32xx_ccs.obj (.text:faultISR)
                  01008a4c    00000199     cJSON.obj (.text:parse_value)
                  01008be5    00000001     --HOLE-- [fill = 0]
                  01008be6    00000002     freertos_builds_CC3220SF_LAUNCHXL_release_ccs.lib : startup_cc32xx_ccs.obj (.text:nmiISR)
                  01008be8    00000198     slnetsock_release.a : slnetsock.oem4 (.text:SlNetSock_select)
                  01008d80    00000195     robot_arm.obj (.text:RobotArmTask)
                  01008f15    00000001     --HOLE-- [fill = 0]
                  01008f16    00000002     rtsv7M4_T_le_eabi.lib : div0.asm.obj (.text)
                  01008f18    0000018c     simplelink.a : sl_socket.obj (.text:_SlDrvRegisterForSelectAsync)
                  010090a4    00000184                  : driver.obj (.text:_SlDrvFindAndSetActiveObj)
                  01009228    00000184     freertos_builds_CC3220SF_LAUNCHXL_release_ccs.lib : heap_4.obj (.text:pvPortMalloc)
                  010093ac    00000184     simplelink.a : sl_socket.obj (.text:sl_Connect)
                  01009530    00000184     freertos_builds_CC3220SF_LAUNCHXL_release_ccs.lib : tasks.obj (.text:xTaskResumeAll)
                  010096b4    00000180     network_if.obj (.text:SimpleLinkNetAppEventHandler)
                  01009834    00000180     freertos_builds_CC3220SF_LAUNCHXL_release_ccs.lib : queue.obj (.text:xQueueReceive)
                  010099b4    00000178     cJSON.obj (.text:parse_number)
                  01009b2c    00000168     simplelink.a : netapp.obj (.text:sl_NetAppDnsGetHostByName)
                  01009c94    00000164     freertos_builds_CC3220SF_LAUNCHXL_release_ccs.lib : timers.obj (.text:prvProcessReceivedCommands)
                  01009df8    0000015c     rtsv7M4_T_le_eabi.lib : strtoull.c.obj (.text:strtoull)
                  01009f54    0000015a     mqtt_release.a : mqtt_net_func.oem4 (.text:createSocket)
                  0100a0ae    00000002     main_freertos.obj (.text:vApplicationMallocFailedHook)
                  0100a0b0    00000158     mqtt_client.obj (.text:Mqtt_start)
                  0100a208    00000158     drivers_cc32xx.aem4 : SPICC32XXDMA.oem4 (.text:SPICC32XXDMA_open)
                  0100a360    00000154     mqtt_release.a : mqttclient.oem4 (.text:MQTTClient_connect)
                  0100a4b4    00000154     simplelink.a : sl_socket.obj (.text:sl_RecvFrom)
                  0100a608    0000014f     input_queue.obj (.text:InputQueue_send)
                  0100a757    00000001     --HOLE-- [fill = 0]
                  0100a758    00000148     drivers_cc32xx.aem4 : PowerCC32XX.oem4 (.text:parkPins)
                  0100a8a0    00000148     simplelink.a : sl_socket.obj (.text:sl_StartTLS)
                  0100a9e8    00000144     cJSON.obj (.text:print_number)
                  0100ab2c    00000140     drivers_cc32xx.aem4 : PWMTimerCC32XX.oem4 (.text:PWMTimerCC32XX_setDutyAndPeriod)
                  0100ac6c    00000140     simplelink.a : driver.obj (.text:_SlDrvMsgReadSpawnCtx)
                  0100adac    0000013e     cJSON.obj (.text:parse_array)
                  0100aeea    00000002     --HOLE-- [fill = 0]
                  0100aeec    0000013c     simplelink.a : driver.obj (.text:_SlDrvDriverCBDeinit)
                  0100b028    0000013c                  : sl_socket.obj (.text:_SlDrvGetNextTimeoutValue)
                  0100b164    0000013c     rtsv7M4_T_le_eabi.lib : _printfi.c.obj (.text:_pconv_e)
                  0100b2a0    0000013c     freertos_builds_CC3220SF_LAUNCHXL_release_ccs.lib : tasks.obj (.text:xTaskIncrementTick)
                  0100b3dc    00000138                                                       : pthread.obj (.text:pthread_create)
                  0100b514    00000136     rtsv7M4_T_le_eabi.lib : fd_div_t2.asm.obj (.text)
                  0100b64a    00000002     --HOLE-- [fill = 0]
                  0100b64c    00000134     simplelink.a : sl_socket.obj (.text:_SlSocketHandleAsync_StartTLS)
                  0100b780    00000132     cJSON.obj (.text:ensure)
                  0100b8b2    00000002     --HOLE-- [fill = 0]
                  0100b8b4    00000130     rtsv7M4_T_le_eabi.lib : strtol.c.obj (.text:strtol)
                  0100b9e4    0000012a     freertos_builds_CC3220SF_LAUNCHXL_release_ccs.lib : tasks.obj (.text:prvInitialiseNewTask)
                  0100bb0e    00000002     --HOLE-- [fill = 0]
                  0100bb10    00000128     robot_arm.obj (.text:RobotArm_init)
                  0100bc38    00000128     simplelink.a : driver.obj (.text:_SlDrvClassifyRxMsg)
                  0100bd60    00000124                  : fs.obj (.text:sl_FsOpen)
                  0100be84    00000121     cJSON.obj (.text:print_value)
                  0100bfa5    00000003     --HOLE-- [fill = 0]
                  0100bfa8    00000120     drivers_cc32xx.aem4 : UARTCC32XX.oem4 (.text:UARTCC32XX_close)
                  0100c0c8    00000120     simplelink.a : driver.obj (.text:_SlDrvAsyncEventGenericHandler)
                  0100c1e8    00000120     rtsv7M4_T_le_eabi.lib : _printfi.c.obj (.text:fcvt)
                  0100c308    0000011c     drivers_cc32xx.aem4 : PowerCC32XX.oem4 (.text:Power_sleep)
                  0100c424    0000011c     simplelink.a : device.obj (.text:sl_Start)
                  0100c540    00000118                  : netapp.obj (.text:_SlNetAppHandleAsync_DnsGetHostByService)
                  0100c658    00000112     mqtt_release.a : mqtt_common.oem4 (.text:MQTT_PacketRecv)
                  0100c76a    00000002     --HOLE-- [fill = 0]
                  0100c76c    00000110     rtsv7M4_T_le_eabi.lib : strtoul.c.obj (.text:strtoul)
                  0100c87c    0000010d     robot_arm.obj (.text:RobotArm_move)
                  0100c989    00000003     --HOLE-- [fill = 0]
                  0100c98c    00000108     slnetsock_release.a : slnetutils.oem4 (.text:SlNetUtil_str2BinIpV6)
                  0100ca94    00000108     simplelink.a : driver.obj (.text:_SlSpawnMsgListInsert)
                  0100cb9c    00000104                  : device.obj (.text:_SlDeviceEventHandler)
                  0100cca0    00000104                  : driver.obj (.text:_SlDrvCmdOp)
                  0100cda4    00000104     freertos_builds_CC3220SF_LAUNCHXL_release_ccs.lib : tasks.obj (.text:vTaskPriorityDisinheritAfterTimeout)
                  0100cea8    00000104                                                       : queue.obj (.text:xQueueGenericSendFromISR)
                  0100cfac    00000100     simplelink.a : driver.obj (.text:_SlDrvObjGlobalLockWaitForever)
                  0100d0ac    00000100                  : sl_socket.obj (.text:sl_Close)
                  0100d1ac    00000100                  : fs.obj (.text:sl_FsWrite)
                  0100d2ac    000000fc     rtsv7M4_T_le_eabi.lib : fd_mul_t2.asm.obj (.text)
                  0100d3a8    000000fc     freertos_builds_CC3220SF_LAUNCHXL_release_ccs.lib : tasks.obj (.text:vTaskSuspend)
                  0100d4a4    000000f8     slnetifwifi.a : slnetifwifi.obj (.text:SlNetIfWifi_loadSecObj)
                  0100d59c    000000f8     cJSON.obj (.text:cJSON_ParseWithOpts)
                  0100d694    000000f8     freertos_builds_CC3220SF_LAUNCHXL_release_ccs.lib : tasks.obj (.text:vTaskDelete)
                  0100d78c    000000f6     mqtt_release.a : mqtt_net_func.oem4 (.text:MQTTNet_commOpen)
                  0100d882    00000002     --HOLE-- [fill = 0]
                  0100d884    000000f4     simplelink.a : sl_socket.obj (.text:sl_SendTo)
                  0100d978    000000f2     drivers_cc32xx.aem4 : SPICC32XXDMA.oem4 (.text:SPICC32XXDMA_transferCancel)
                  0100da6a    000000f2                         : UARTCC32XX.oem4 (.text:UARTCC32XX_control)
                  0100db5c    000000f2     cJSON.obj (.text:print_array)
                  0100dc4e    00000002     --HOLE-- [fill = 0]
                  0100dc50    000000f0     mqtt_client.obj (.text:Mqtt_IF_Connect)
                  0100dd40    000000f0     drivers_cc32xx.aem4 : PWMTimerCC32XX.oem4 (.text:PWMTimerCC32XX_open)
                  0100de30    000000f0     freertos_builds_CC3220SF_LAUNCHXL_release_ccs.lib : queue.obj (.text:xQueueGiveFromISR)
                  0100df20    000000e8     slnetsock_release.a : slnetif.oem4 (.text:SlNetIf_add)
                  0100e008    000000e6     mqtt_release.a : client_core.oem4 (.text:utf8ArraySend)
                  0100e0ee    00000002     --HOLE-- [fill = 0]
                  0100e0f0    000000e0                    : mqttclient.oem4 (.text:MqttClientCtxCreate)
                  0100e1d0    000000e0     freertos_builds_CC3220SF_LAUNCHXL_release_ccs.lib : tasks.obj (.text:xTaskPriorityDisinherit)
                  0100e2b0    000000de     mqtt_release.a : client_core.oem4 (.text:connectMsgSend)
                  0100e38e    00000002     --HOLE-- [fill = 0]
                  0100e390    000000dc     freertos_builds_CC3220SF_LAUNCHXL_release_ccs.lib : tasks.obj (.text:vTaskSwitchContext)
                  0100e46c    000000d8     uart_term.obj (.text:GetCmd)
                  0100e544    000000d8     drivers_cc32xx.aem4 : SPICC32XXDMA.oem4 (.text:SPICC32XXDMA_close)
                  0100e61c    000000d8     simplelink.a : device.obj (.text:_SlDeviceHandleAsync_InitComplete)
                  0100e6f4    000000d8                  : driver.obj (.text:_SlDrvWaitForInternalAsyncEvent)
                  0100e7cc    000000d8                  : netapp.obj (.text:_SlNetAppHandleAsync_NetAppReceive)
                  0100e8a4    000000d8     freertos_builds_CC3220SF_LAUNCHXL_release_ccs.lib : queue.obj (.text:xQueueReceiveFromISR)
                  0100e97c    000000d8                                                       : tasks.obj (.text:xTaskPriorityInherit)
                  0100ea54    000000d6     cJSON.obj (.text:print)
                  0100eb2a    000000d4     freertos_builds_CC3220SF_LAUNCHXL_release_ccs.lib : mqueue.obj (.text:mq_timedsend)
                  0100ebfe    00000002     --HOLE-- [fill = 0]
                  0100ec00    000000d0     simplelink.a : driver.obj (.text:_SlDrvRemoveFromList)
                  0100ecd0    000000d0     rtsv7M4_T_le_eabi.lib : s_scalbn.c.obj (.text:scalbn)
                  0100eda0    000000cc     mqtt_release.a : mqttclient.oem4 (.text:processNotifyAckCB)
                  0100ee6c    000000ca     drivers_cc32xx.aem4 : UARTCC32XX.oem4 (.text:UARTCC32XX_write)
                  0100ef36    000000c8                         : SPICC32XXDMA.oem4 (.text:spiHwiFxn)
                  0100effe    00000002     --HOLE-- [fill = 0]
                  0100f000    000000c4     mqtt_client.obj (.text:Mqtt_Stop)
                  0100f0c4    000000c4     drivers_cc32xx.aem4 : PWMTimerCC32XX.oem4 (.text:PWMTimerCC32XX_stop)
                  0100f188    000000c4     freertos_builds_CC3220SF_LAUNCHXL_release_ccs.lib : tasks.obj (.text:prvAddNewTaskToReadyList)
                  0100f24c    000000c0     mqtt_release.a : mqttclient.oem4 (.text:MqttClientSub)
                  0100f30c    000000c0     simplelink.a : cc_pal.obj (.text:NwpPowerOff)
                  0100f3cc    000000c0     output_queue.obj (.text:OutputQueue_send)
                  0100f48c    000000c0     drivers_cc32xx.aem4 : PowerCC32XX.oem4 (.text:restoreParkedPins)
                  0100f54c    000000c0     simplelink.a : netcfg.obj (.text:sl_NetCfgGet)
                  0100f60c    000000c0     freertos_builds_CC3220SF_LAUNCHXL_release_ccs.lib : port.obj (.text:xPortStartScheduler)
                  0100f6cc    000000be                                                       : queue.obj (.text:prvCopyDataToQueue)
                  0100f78a    00000002     --HOLE-- [fill = 0]
                  0100f78c    000000bc     simplelink.a : netapp.obj (.text:_SlNetAppSendResponse)
                  0100f848    000000bc     mqtt_release.a : client_core.oem4 (.text:clCtxConnStateTryLocked)
                  0100f904    000000bc     freertos_builds_CC3220SF_LAUNCHXL_release_ccs.lib : heap_4.obj (.text:prvHeapInit)
                  0100f9c0    000000bc                                                       : timers.obj (.text:prvSwitchTimerLists)
                  0100fa7c    000000bc     simplelink.a : sl_socket.obj (.text:sl_Send)
                  0100fb38    000000ba     drivers_cc32xx.aem4 : UARTCC32XX.oem4 (.text:UARTCC32XX_readPolling)
                  0100fbf2    00000002     --HOLE-- [fill = 0]
                  0100fbf4    000000ba     freertos_builds_CC3220SF_LAUNCHXL_release_ccs.lib : portasm.obj (.text)
                  0100fcae    00000002     --HOLE-- [fill = 0]
                  0100fcb0    000000b8     drivers_cc32xx.aem4 : PWMTimerCC32XX.oem4 (.text:PWMTimerCC32XX_setDuty)
                  0100fd68    000000b8     simplelink.a : netapp.obj (.text:_SlNetAppHandleAsync_DnsGetHostByName)
                  0100fe20    000000b8                  : netapp.obj (.text:_SlNetAppHandleAsync_PingResponse)
                  0100fed8    000000b8     drivers_cc32xx.aem4 : UARTCC32XX.oem4 (.text:initHw)
                  0100ff90    000000b8     simplelink.a : device.obj (.text:sl_DeviceGet)
                  01010048    000000b8                  : wlan.obj (.text:sl_WlanGet)
                  01010100    000000b8     freertos_builds_CC3220SF_LAUNCHXL_release_ccs.lib : queue.obj (.text:xQueueGenericReset)
                  010101b8    000000b6     drivers_cc32xx.aem4 : UARTCC32XX.oem4 (.text:readTaskCallback)
                  0101026e    00000002     --HOLE-- [fill = 0]
                  01010270    000000b4     mqtt_release.a : mqttclient.oem4 (.text:MqttClient_send)
                  01010324    000000b4     simplelink.a : driver.obj (.text:_SlDrvHandleFatalError)
                  010103d8    000000b4                  : netutil.obj (.text:_SlNetUtilHandleAsync_Cmd)
                  0101048c    000000b4     freertos_builds_CC3220SF_LAUNCHXL_release_ccs.lib : clock.obj (.text:_clock_abstime2ticks)
                  01010540    000000b4     simplelink.a : sl_socket.obj (.text:sl_GetSockOpt)
                  010105f4    000000b1     rtsv7M4_T_le_eabi.lib : _printfi.c.obj (.text:_ltostr)
                  010106a5    00000003     --HOLE-- [fill = 0]
                  010106a8    000000b0     slnetifwifi.a : slnetifwifi.obj (.text:SlNetIfWifi_getSockOpt)
                  01010758    000000b0     freertos_builds_CC3220SF_LAUNCHXL_release_ccs.lib : tasks.obj (.text:prvAddCurrentTaskToDelayedList)
                  01010808    000000b0                                                       : tasks.obj (.text:xTaskCheckForTimeOut)
                  010108b8    000000ae     slnetifwifi.a : slnetifwifi.obj (.text:matchModeByRole)
                  01010966    000000ae     cJSON.obj (.text:parse_hex4)
                  01010a14    000000ae     freertos_builds_CC3220SF_LAUNCHXL_release_ccs.lib : queue.obj (.text:prvUnlockQueue)
                  01010ac2    000000ae     drivers_cc32xx.aem4 : UARTCC32XX.oem4 (.text:readIsrTextBlocking)
                  01010b70    000000ac     simplelink.a : sl_socket.obj (.text:_SlSocketHandleAsync_Close)
                  01010c1c    000000ac                  : sl_socket.obj (.text:_SlSocketHandleAsync_Connect)
                  01010cc8    000000ac     freertos_builds_CC3220SF_LAUNCHXL_release_ccs.lib : clock.obj (.text:clock_gettime)
                  01010d74    000000aa     uart_term.obj (.text:Report)
                  01010e1e    00000002     --HOLE-- [fill = 0]
                  01010e20    000000a8     driverlib.a : interrupt.obj (.text:IntDisable)
                  01010ec8    000000a8                 : interrupt.obj (.text:IntEnable)
                  01010f70    000000a8     network_if.obj (.text:Network_IF_IpConfigGet)
                  01011018    000000a8     driverlib.a : prcm.obj (.text:PRCMPeripheralClockGet)
                  010110c0    000000a8     drivers_cc32xx.aem4 : PowerCC32XX.oem4 (.text:PowerCC32XX_configureWakeup)
                  01011168    000000a8     freertos_builds_CC3220SF_LAUNCHXL_release_ccs.lib : heap_4.obj (.text:prvInsertBlockIntoFreeList)
                  01011210    000000a8     drivers_cc32xx.aem4 : UARTCC32XX.oem4 (.text:readTaskBlocking)
                  010112b8    000000a8     simplelink.a : fs.obj (.text:sl_FsClose)
                  01011360    000000a8     freertos_builds_CC3220SF_LAUNCHXL_release_ccs.lib : heap_4.obj (.text:vPortFree)
                  01011408    000000a8                                                       : tasks.obj (.text:xTaskRemoveFromEventList)
                  010114b0    000000a6     simplelink.a : driver.obj (.text:_SlDrvIsTimeoutExpired)
                  01011556    00000002     --HOLE-- [fill = 0]
                  01011558    000000a4     mqtt_release.a : mqttclient.oem4 (.text:MQTTClient_create)
                  010115fc    000000a4                    : mqttclient.oem4 (.text:MqttClientConfig)
                  010116a0    000000a4     drivers_cc32xx.aem4 : PWMTimerCC32XX.oem4 (.text:initHw)
                  01011744    000000a4     simplelink.a : sl_socket.obj (.text:sl_Bind)
                  010117e8    000000a2     drivers_cc32xx.aem4 : UARTCC32XX.oem4 (.text:readIsrTextCallback)
                  0101188a    000000a2                         : UARTCC32XX.oem4 (.text:writeData)
                  0101192c    000000a0     freertos_builds_CC3220SF_LAUNCHXL_release_ccs.lib : ClockP_freertos.obj (.text:ClockP_create)
                  010119cc    000000a0     simplelink.a : fs.obj (.text:FsGetCreateFsMode)
                  01011a6c    000000a0     mqtt_release.a : mqttclient.oem4 (.text:MQTTClient_delete)
                  01011b0c    000000a0     simplelink.a : sl_socket.obj (.text:_SlDrvUnRegisterForSelectAsync)
                  01011bac    000000a0                  : driver.obj (.text:_SlSpawnMsgListProcess)
                  01011c4c    0000009e                  : cc_pal.obj (.text:spi_Read)
                  01011cea    0000009e                  : cc_pal.obj (.text:spi_Write)
                  01011d88    0000009c     mqtt_release.a : client_core.oem4 (.text:MQTTClientCore_initLib)
                  01011e24    0000009c                    : client_core.oem4 (.text:MQTTClientCore_sendPubMsg)
                  01011ec0    0000009c                    : mqttclient.oem4 (.text:MqttClientUnsub)
                  01011f5c    0000009c     mqtt_client.obj (.text:Mqtt_ClientStop)
                  01011ff8    0000009c     robot_arm.obj (.text:RobotArm_start)
                  01012094    0000009c     mqtt_release.a : client_core.oem4 (.text:_msgDispatch)
                  01012130    0000009c     rtsv7M4_T_le_eabi.lib : memcpy_t2.asm.obj (.text)
                  010121cc    0000009a     mqtt_release.a : client_core.oem4 (.text:procPubMsgRx)
                  01012266    00000002     --HOLE-- [fill = 0]
                  01012268    00000098     drivers_cc32xx.aem4 : PWMTimerCC32XX.oem4 (.text:PWMTimerCC32XX_setPeriod)
                  01012300    00000098     uart_term.obj (.text:TrimSpace)
                  01012398    00000096     mqtt_release.a : mqtt_net_func.oem4 (.text:MQTTNet_tcpSelect)
                  0101242e    00000096     rtsv7M4_T_le_eabi.lib : ull_div_t2.asm.obj (.text)
                  010124c4    00000094     simplelink.a : cc_pal.obj (.text:Semaphore_pend_handle)
                  01012558    00000094     drivers_cc32xx.aem4 : SPICC32XXDMA.oem4 (.text:initHw)
                  010125ec    00000094     freertos_builds_CC3220SF_LAUNCHXL_release_ccs.lib : tasks.obj (.text:vTaskStartScheduler)
                  01012680    00000092     slnetsock_release.a : slnetsock.oem4 (.text:SlNetSock_create)
                  01012712    00000002     --HOLE-- [fill = 0]
                  01012714    00000090                         : slnetsock.oem4 (.text:SlNetSock_getVirtualSdConf)
                  010127a4    00000090     simplelink.a : device.obj (.text:_SlDeviceHandleAsync_Stop)
                  01012834    00000090                  : sl_socket.obj (.text:_SlSocketHandleAsync_Accept)
                  010128c4    00000090     mqtt_release.a : mqttclient.oem4 (.text:processPublishRxCB)
                  01012954    00000090     drivers_cc32xx.aem4 : PowerCC32XX.oem4 (.text:restoreNVICRegs)
                  010129e4    0000008c     mqtt_release.a : client_core.oem4 (.text:MQTTClientCore_createCtx)
                  01012a70    0000008c     slnetsock_release.a : slnetsock.oem4 (.text:SlNetSock_accept)
                  01012afc    0000008c     simplelink.a : driver.obj (.text:_SlDrvDriverIsApiAllowed)
                  01012b88    0000008c     freertos_builds_CC3220SF_LAUNCHXL_release_ccs.lib : clock.obj (.text:_clock_gettimeMono)
                  01012c14    0000008c     cJSON.obj (.text:add_item_to_object)
                  01012ca0    0000008c     simplelink.a : sl_socket.obj (.text:sl_Recv)
                  01012d2c    00000088     drivers_cc32xx.aem4 : PWMTimerCC32XX.oem4 (.text:PWMTimerCC32XX_close)
                  01012db4    00000088     driverlib.a : pin.obj (.text:PinConfigSet)
                  01012e3c    00000088     simplelink.a : driver.obj (.text:_SlDrvProtectAsyncRespSetting)
                  01012ec4    00000088     freertos_builds_CC3220SF_LAUNCHXL_release_ccs.lib : mqueue.obj (.text:mq_receive)
                  01012f4c    00000088     mqtt_release.a : client_core.oem4 (.text:procConnackRx)
                  01012fd4    00000088     freertos_builds_CC3220SF_LAUNCHXL_release_ccs.lib : timers.obj (.text:prvProcessTimerOrBlockTask)
                  0101305c    00000088     simplelink.a : eventreg.obj (.text:sl_UnregisterLibsEventHandler)
                  010130e4    00000088     mqtt_release.a : client_core.oem4 (.text:wrConnectPayload)
                  0101316c    00000086     rtsv7M4_T_le_eabi.lib : fd_cmp_t2.asm.obj (.text:__aeabi_cdcmple)
                  010131f2    00000086                           : fd_cmp_t2.asm.obj (.text:__aeabi_cdrcmple)
                  01013278    00000084     mqtt_client.obj (.text:MqttClientThread)
                  010132fc    00000084     drivers_cc32xx.aem4 : PowerCC32XX.oem4 (.text:Power_init)
                  01013380    00000084     slnetifwifi.a : slnetifwifi.obj (.text:SlNetIfWifi_sockstartSec)
                  01013404    00000084     slnetsock_release.a : slnetutils.oem4 (.text:SlNetUtil_getHostByName)
                  01013488    00000084     mqtt_release.a : client_core.oem4 (.text:mqpSetupProcCtxDataRecv)
                  0101350c    00000084     drivers_cc32xx.aem4 : PowerCC32XX.oem4 (.text:saveNVICRegs)
                  01013590    00000084     simplelink.a : sl_socket.obj (.text:sl_SetSockOpt)
                  01013614    00000084     freertos_builds_CC3220SF_LAUNCHXL_release_ccs.lib : timers.obj (.text:xTimerGenericCommand)
                  01013698    00000080     drivers_cc32xx.aem4 : PowerCC32XX.oem4 (.text:Power_setDependency)
                  01013718    00000080     mqtt_release.a : client_core.oem4 (.text:clCtxPartSend)
                  01013798    00000080     freertos_builds_CC3220SF_LAUNCHXL_release_ccs.lib : timers.obj (.text:prvProcessExpiredTimer)
                  01013818    0000007f     mqtt_client.obj (.text:SetClientIdNamefromMacAddress)
                  01013897    00000001     --HOLE-- [fill = 0]
                  01013898    0000007c     drivers_cc32xx.aem4 : UDMACC32XX.oem4 (.text:UDMACC32XX_open)
                  01013914    0000007c     mqtt_release.a : client_core.oem4 (.text:procCtxDataRecv)
                  01013990    0000007c     drivers_cc32xx.aem4 : UARTCC32XX.oem4 (.text:readIsrBinaryBlocking)
                  01013a0c    0000007a     freertos_builds_CC3220SF_LAUNCHXL_release_ccs.lib : pthread.obj (.text:removeThreadKeys)
                  01013a86    0000007a     rtsv7M4_T_le_eabi.lib : memset_t2.asm.obj (.text)
                  01013b00    0000007a     freertos_builds_CC3220SF_LAUNCHXL_release_ccs.lib : tasks.obj (.text:xTaskCreate)
                  01013b7a    00000002     --HOLE-- [fill = 0]
                  01013b7c    00000078     mqtt_release.a : mqtt_net_func.oem4 (.text:MQTTNet_recvFrom)
                  01013bf4    00000078     cJSON.obj (.text:cJSON_Delete)
                  01013c6c    00000078     freertos_builds_CC3220SF_LAUNCHXL_release_ccs.lib : timers.obj (.text:prvInsertTimerInActiveList)
                  01013ce4    00000078     drivers_cc32xx.aem4 : UARTCC32XX.oem4 (.text:readIsrBinaryCallback)
                  01013d5c    00000078     simplelink.a : sl_socket.obj (.text:sl_Socket)
                  01013dd4    00000074     mqtt_release.a : mqtt_net_func.oem4 (.text:MQTTNet_tcpAccept)
                  01013e48    00000074     slnetsock_release.a : slnetsock.oem4 (.text:SlNetSock_AllocVirtualSocket)
                  01013ebc    00000074     drivers_cc32xx.aem4 : UARTCC32XX.oem4 (.text:UARTCC32XX_hwiIntFxn)
                  01013f30    00000074     cJSON.obj (.text:get_object_item)
                  01013fa4    00000074     mqtt_release.a : client_core.oem4 (.text:groupCtxsRxPrep)
                  01014018    00000074     freertos_builds_CC3220SF_LAUNCHXL_release_ccs.lib : tasks.obj (.text:prvInitialiseTaskLists)
                  0101408c    00000074                                                       : pthread_mutex.obj (.text:pthread_mutex_init)
                  01014100    00000074                                                       : port.obj (.text:vPortValidateInterruptPriority)
                  01014174    00000072     mqtt_release.a : mqtt_common.oem4 (.text:MQTT_packetProcPubRx)
                  010141e6    00000002     --HOLE-- [fill = 0]
                  010141e8    00000070     simplelink.a : driver.obj (.text:_SlDrvCmdSend_noLock)
                  01014258    00000070     freertos_builds_CC3220SF_LAUNCHXL_release_ccs.lib : ClockP_freertos.obj (.text:setClockObjTimeout)
                  010142c8    0000006e     rtsv7M4_T_le_eabi.lib : _printfi.c.obj (.text:_mcpy)
                  01014336    0000006e                           : fd_tos_t2.asm.obj (.text)
                  010143a4    0000006c     mqtt_release.a : mqttclient.oem4 (.text:MQTTClient_run)
                  01014410    0000006c     slnetsock_release.a : slnetutils.oem4 (.text:SlNetUtil_str2BinIpV4)
                  0101447c    0000006c     simplelink.a : device.obj (.text:_SlDeviceHandleResetRequestInternally)
                  010144e8    0000006c                  : sl_socket.obj (.text:_SlDrvOpenCtrlSocket)
                  01014554    0000006c                  : netapp.obj (.text:_SlNetAppSendTokenValue)
                  010145c0    0000006a     mqtt_release.a : mqtt_net_func.oem4 (.text:MQTTNet_sendTo)
                  0101462a    0000006a     freertos_builds_CC3220SF_LAUNCHXL_release_ccs.lib : queue.obj (.text:xQueueGenericCreate)
                  01014694    00000068     mqtt_release.a : mqtt_common.oem4 (.text:MQTT_qos2PubCqUnlog)
                  010146fc    00000068     drivers_cc32xx.aem4 : PWMTimerCC32XX.oem4 (.text:PWMTimerCC32XX_start)
                  01014764    00000068     simplelink.a : driver.obj (.text:_SlSpawnMsgListGetCount)
                  010147cc    00000068     rtsv7M4_T_le_eabi.lib : sscanf.c.obj (.text:_chkmbc)
                  01014834    00000068                           : copy_decompress_lzss.c.obj (.text:decompress:lzss:__TI_decompress_lzss)
                  0101489c    00000068     simplelink.a : cc_pal.obj (.text:spi_Open)
                  01014904    00000066     drivers_cc32xx.aem4 : UARTCC32XX.oem4 (.text:UARTCC32XX_writeCancel)
                  0101496a    00000066     freertos_builds_CC3220SF_LAUNCHXL_release_ccs.lib : timers.obj (.text:prvInitialiseNewTimer)
                  010149d0    00000066                                                       : memory.obj (.text:realloc)
                  01014a36    00000066                                                       : list.obj (.text:vListInsert)
                  01014a9c    00000064                                                       : ClockP_freertos.obj (.text:ClockP_stop)
                  01014b00    00000064     mqtt_release.a : mqtt_common.oem4 (.text:MQTT_packetPubAppendTopic)
                  01014b64    00000064     drivers_cc32xx.aem4 : PowerCC32XX.oem4 (.text:PowerCC32XX_setParkState)
                  01014bc8    00000064     freertos_builds_CC3220SF_LAUNCHXL_release_ccs.lib : pthread_mutex.obj (.text:acquireMutex)
                  01014c2c    00000064     mqtt_release.a : client_core.oem4 (.text:clientReset)
                  01014c90    00000064                    : client_core.oem4 (.text:doNetClose)
                  01014cf4    00000064     main_freertos.obj (.text:main)
                  01014d58    00000064     freertos_builds_CC3220SF_LAUNCHXL_release_ccs.lib : tasks.obj (.text:prvGetExpectedIdleTime)
                  01014dbc    00000062     drivers_cc32xx.aem4 : UARTCC32XX.oem4 (.text:UARTCC32XX_writePolling)
                  01014e1e    00000002     --HOLE-- [fill = 0]
                  01014e20    00000060     freertos_builds_CC3220SF_LAUNCHXL_release_ccs.lib : HwiPCC32XX_freertos.obj (.text:HwiP_create)
                  01014e80    00000060     driverlib.a : prcm.obj (.text:PRCMSysResetCauseGet)
                  01014ee0    00000060     slnetsock_release.a : slnetsock.oem4 (.text:SlNetSock_recvFrom)
                  01014f40    00000060                         : slnetsock.oem4 (.text:SlNetSock_sendTo)
                  01014fa0    00000060     cJSON.obj (.text:case_insensitive_strcmp)
                  01015000    00000060     freertos_builds_CC3220SF_LAUNCHXL_release_ccs.lib : pthread_mutex.obj (.text:pthread_mutex_unlock)
                  01015060    0000005e     slnetifwifi.a : slnetifwifi.obj (.text:SlNetIfWifi_setSockOpt)
                  010150be    0000005e     freertos_builds_CC3220SF_LAUNCHXL_release_ccs.lib : semaphore.obj (.text:sem_timedwait)
                  0101511c    0000005c     mqtt_release.a : client_core.oem4 (.text:MQTTClientCore_exitLib)
                  01015178    0000005c                    : mqtt_net_func.oem4 (.text:MQTTNet_tcpListen)
                  010151d4    0000005c     simplelink.a : spawn.obj (.text:_SlInternalSpawn)
                  01015230    0000005c     freertos_builds_CC3220SF_LAUNCHXL_release_ccs.lib : memory.obj (.text:calloc)
                  0101528c    0000005c     rtsv7M4_T_le_eabi.lib : s_frexp.c.obj (.text:frexp)
                  010152e8    0000005c     freertos_builds_CC3220SF_LAUNCHXL_release_ccs.lib : tasks.obj (.text:prvIdleTask)
                  01015344    0000005c                                                       : pthread.obj (.text:pthread_exit)
                  010153a0    0000005c                                                       : queue.obj (.text:vQueueWaitForMessageRestricted)
                  010153fc    0000005c                                                       : tasks.obj (.text:vTaskDelay)
                  01015458    00000058     driverlib.a : interrupt.obj (.text:IntPendClear)
                  010154b0    00000058                 : prcm.obj (.text:PRCMPeripheralReset)
                  01015508    00000058     drivers_cc32xx.aem4 : PowerCC32XX.oem4 (.text:Power_releaseDependency)
                  01015560    00000058     slnetsock_release.a : slnetsock.oem4 (.text:SlNetSock_recv)
                  010155b8    00000058                         : slnetsock.oem4 (.text:SlNetSock_send)
                  01015610    00000058     simplelink.a : sl_socket.obj (.text:_SlDrvClearCtrlSocket)
                  01015668    00000058     mqtt_release.a : client_core.oem4 (.text:clRecv)
                  010156c0    00000058     freertos_builds_CC3220SF_LAUNCHXL_release_ccs.lib : tasks.obj (.text:eTaskConfirmSleepModeStatus)
                  01015718    00000058     mqtt_release.a : client_core.oem4 (.text:singleCtxKaSequence)
                  01015770    00000058     simplelink.a : sl_socket.obj (.text:sl_Listen)
                  010157c8    00000058                  : eventreg.obj (.text:sl_RegisterLibsEventHandler)
                  01015820    00000058     freertos_builds_CC3220SF_LAUNCHXL_release_ccs.lib : port.obj (.text:vPortSetupTimerInterrupt)
                  01015878    00000058                                                       : queue.obj (.text:xQueueCreateCountingSemaphore)
                  010158d0    00000058                                                       : queue.obj (.text:xQueueTakeMutexRecursive)
                  01015928    00000056     mqtt_release.a : mqtt_common.oem4 (.text:MQTT_packetPubAppendData)
                  0101597e    00000056     freertos_builds_CC3220SF_LAUNCHXL_release_ccs.lib : SemaphoreP_freertos.obj (.text:SemaphoreP_create)
                  010159d4    00000056     rtsv7M4_T_le_eabi.lib : _printfi.c.obj (.text:_pconv_f)
                  01015a2a    00000056     mqtt_release.a : client_core.oem4 (.text:procAckMsgRx)
                  01015a80    00000054     freertos_builds_CC3220SF_LAUNCHXL_release_ccs.lib : ClockP_freertos.obj (.text:ClockP_delete)
                  01015ad4    00000054     uart_term.obj (.text:InitTerm)
                  01015b28    00000054     driverlib.a : interrupt.obj (.text:IntPrioritySet)
                  01015b7c    00000054     mqtt_release.a : client_core.oem4 (.text:MQTTClientCore_deleteCtx)
                  01015bd0    00000054                    : client_core.oem4 (.text:MQTTClientCore_sendDisconn)
                  01015c24    00000054     simplelink.a : driver.obj (.text:_SlDrvRxIrqHandler)
                  01015c78    00000054     cJSON.obj (.text:buffer_skip_whitespace)
                  01015ccc    00000054     mqtt_release.a : client_core.oem4 (.text:grpNetSetupCreate)
                  01015d20    00000054     rtsv7M4_T_le_eabi.lib : ltoa.c.obj (.text:ltoa)
                  01015d74    00000054     drivers_cc32xx.aem4 : UARTCC32XX.oem4 (.text:ringBufGet)
                  01015dc8    00000054     freertos_builds_CC3220SF_LAUNCHXL_release_ccs.lib : timers.obj (.text:xTimerCreateTimerTask)
                  01015e1c    00000052     drivers_cc32xx.aem4 : PowerCC32XX_asm.oem4 (.text:PowerCC32XX_resumeLPDS)
                  01015e6e    00000052     rtsv7M4_T_le_eabi.lib : _printfi.c.obj (.text:_ecpy)
                  01015ec0    00000050     simplelink.a : cc_pal.obj (.text:NwpRegisterInterruptHandler)
                  01015f10    00000050     robot_arm.obj (.text:RobotArm_setAngle)
                  01015f60    00000050     slnetsock_release.a : slnetif.oem4 (.text:SlNetIf_queryIf)
                  01015fb0    00000050     drivers_cc32xx.aem4 : TimerCC32XX.oem4 (.text:TimerCC32XX_allocateTimerResource)
                  01016000    00000050     simplelink.a : sl_socket.obj (.text:_SlDrvCloseCtrlSocket)
                  01016050    00000050                  : driver.obj (.text:_SlDrvCmdSend_noWait)
                  010160a0    00000050                  : driver.obj (.text:_SlDrvUpdateApiInProgress)
                  010160f0    00000050                  : spawn.obj (.text:_SlInternalSpawnTaskEntry)
                  01016140    00000050                  : eventreg.obj (.text:_SlNetAppHttpServerHdlr)
                  01016190    00000050                  : eventreg.obj (.text:_SlNetAppRequestHdlr)
                  010161e0    00000050     mqtt_release.a : client_core.oem4 (.text:_procAckMsgRx)
                  01016230    00000050     freertos_builds_CC3220SF_LAUNCHXL_release_ccs.lib : mqueue.obj (.text:mq_close)
                  01016280    00000050                                                       : port.obj (.text:pxPortInitialiseStack)
                  010162d0    00000050                                                       : semaphore.obj (.text:sem_init)
                  01016320    00000050     cJSON.obj (.text:skip_utf8_bom)
                  01016370    00000050     freertos_builds_CC3220SF_LAUNCHXL_release_ccs.lib : queue.obj (.text:xQueueGiveMutexRecursive)
                  010163c0    0000004e     mqtt_release.a : client_core.oem4 (.text:MQTTClientCore_registerWillInfo)
                  0101640e    00000002     --HOLE-- [fill = 0]
                  01016410    0000004c     mqtt_client.obj (.text:Mqtt_init)
                  0101645c    0000004c     simplelink.a : cc_pal.obj (.text:NwpWaitForShutDownInd)
                  010164a8    0000004c     drivers_cc32xx.aem4 : PowerCC32XX.oem4 (.text:PowerCC32XX_parkPin)
                  010164f4    0000004c     slnetifwifi.a : slnetifwifi.obj (.text:SlNetIfWifi_getConnectionStatus)
                  01016540    0000004c     slnetsock_release.a : slnetsock.oem4 (.text:SlNetSock_freeVirtualSocket)
                  0101658c    0000004c                         : slnetsock.oem4 (.text:SlNetSock_startSec)
                  010165d8    0000004c     mqtt_release.a : client_core.oem4 (.text:ack1WlMqpDispatch)
                  01016624    0000004c     rtsv7M4_T_le_eabi.lib : atoi.c.obj (.text:atoi)
                  01016670    0000004c     drivers_cc32xx.aem4 : PWMTimerCC32XX.oem4 (.text:getDutyCounts)
                  010166bc    0000004c                         : PWMTimerCC32XX.oem4 (.text:getPeriodCounts)
                  01016708    0000004c     freertos_builds_CC3220SF_LAUNCHXL_release_ccs.lib : startup_cc32xx_ccs.obj (.text:initVectors)
                  01016754    0000004c     mqtt_release.a : client_core.oem4 (.text:loopbTrigger)
                  010167a0    0000004c     freertos_builds_CC3220SF_LAUNCHXL_release_ccs.lib : timers.obj (.text:prvCheckForValidListAndQueue)
                  010167ec    0000004c                                                       : tasks.obj (.text:prvCheckTasksWaitingTermination)
                  01016838    0000004c     drivers_cc32xx.aem4 : PowerCC32XX.oem4 (.text:restorePeriphClocks)
                  01016884    0000004c     mqtt_release.a : client_core.oem4 (.text:singleCtxRxPrep)
                  010168d0    0000004c     simplelink.a : wlan.obj (.text:sl_WlanSetMode)
                  0101691c    0000004c     freertos_builds_CC3220SF_LAUNCHXL_release_ccs.lib : port.obj (.text:vPortEnterCritical)
                  01016968    0000004a     mqtt_release.a : client_core.oem4 (.text:clCtxRecv)
                  010169b2    00000002     --HOLE-- [fill = 0]
                  010169b4    00000048     driverlib.a : flash.obj (.text:FlashDisable)
                  010169fc    00000048     freertos_builds_CC3220SF_LAUNCHXL_release_ccs.lib : HwiPCC32XX_freertos.obj (.text:HwiP_dispatch)
                  01016a44    00000048     mqtt_release.a : mqttclient.oem4 (.text:MQTTClient_set)
                  01016a8c    00000048     mqtt_client.obj (.text:MQTT_SendMsgToQueue)
                  01016ad4    00000048     driverlib.a : prcm.obj (.text:PRCMLPDSEnter)
                  01016b1c    00000048                 : prcm.obj (.text:PRCMPeripheralClkEnable)
                  01016b64    00000048     drivers_cc32xx.aem4 : PowerCC32XX.oem4 (.text:Power_releaseConstraint)
                  01016bac    00000048     slnetsock_release.a : slnetsock.oem4 (.text:SlNetSock_connect)
                  01016bf4    00000048                         : slnetsock.oem4 (.text:SlNetSock_init)
                  01016c3c    00000048                         : slnetsock.oem4 (.text:SlNetSock_setOpt)
                  01016c84    00000048     simplelink.a : eventreg.obj (.text:_SlDeviceFatalErrorEvtHdlr)
                  01016ccc    00000048                  : eventreg.obj (.text:_SlDeviceGeneralEvtHdlr)
                  01016d14    00000048                  : driver.obj (.text:_SlDrvBasicCmd)
                  01016d5c    00000048                  : driver.obj (.text:_SlDrvSyncObjWaitTimeout)
                  01016da4    00000048                  : eventreg.obj (.text:_SlNetAppEvtHdlr)
                  01016dec    00000048                  : eventreg.obj (.text:_SlNetAppRequestMemFree)
                  01016e34    00000048                  : eventreg.obj (.text:_SlSockEvtHdlr)
                  01016e7c    00000048                  : eventreg.obj (.text:_SlWlanEvtHdlr)
                  01016ec4    00000048     cJSON.obj (.text:cJSON_strdup)
                  01016f0c    00000048     mqtt_release.a : client_core.oem4 (.text:clCtxSetup)
                  01016f54    00000048     rtsv7M4_T_le_eabi.lib : fd_toi_t2.asm.obj (.text)
                  01016f9c    00000048     freertos_builds_CC3220SF_LAUNCHXL_release_ccs.lib : sleep.obj (.text:sleep)
                  01016fe4    00000048                                                       : list.obj (.text:uxListRemove)
                  0101702c    00000048     mqtt_release.a : client_core.oem4 (.text:wrConnectVh)
                  01017074    00000046     drivers_cc32xx.aem4 : RingBuf.oem4 (.text:RingBuf_put)
                  010170ba    00000002     --HOLE-- [fill = 0]
                  010170bc    00000044     mqtt_release.a : client_core.oem4 (.text:MQTTClientCore_run)
                  01017100    00000044                    : mqtt_net_func.oem4 (.text:MQTTNet_tcpRecv)
                  01017144    00000044                    : mqttclient.oem4 (.text:MqttClientCtxDelete)
                  01017188    00000044     driverlib.a : prcm.obj (.text:PRCMLPDSRestoreInfoSet)
                  010171cc    00000044     drivers_cc32xx.aem4 : PWM.oem4 (.text:PWM_init)
                  01017210    00000044                         : PowerCC32XX_asm.oem4 (.text:PowerCC32XX_enterLPDS)
                  01017254    00000044                         : SPI.oem4 (.text:SPI_init)
                  01017298    00000044     slnetsock_release.a : slnetutils.oem4 (.text:SlNetUtil_strTok)
                  010172dc    00000044     drivers_cc32xx.aem4 : UART.oem4 (.text:UART_init)
                  01017320    00000044     rtsv7M4_T_le_eabi.lib : autoinit.c.obj (.text:__TI_auto_init_nobinit_nopinit:__TI_auto_init_nobinit_nopinit)
                  01017364    00000044     freertos_builds_CC3220SF_LAUNCHXL_release_ccs.lib : queue.obj (.text:prvInitialiseNewQueue)
                  010173a8    00000044                                                       : tasks.obj (.text:vTaskStepTick)
                  010173ec    00000044     mqtt_release.a : client_core.oem4 (.text:vhMsgSend)
                  01017430    00000042                    : mqtt_common.oem4 (.text:MQTT_packetBufRdRemlen)
                  01017472    00000042     cJSON.obj (.text:add_item_to_array)
                  010174b4    00000042     freertos_builds_CC3220SF_LAUNCHXL_release_ccs.lib : memory.obj (.text:malloc)
                  010174f6    00000040     simplelink.a : sl_socket.obj (.text:CountSetBits)
                  01017536    00000002     --HOLE-- [fill = 0]
                  01017538    00000040     network_if.obj (.text:InitializeAppVariables)
                  01017578    00000040     mqtt_release.a : client_core.oem4 (.text:MQTTClientCore_registerCtxInfo)
                  010175b8    00000040     mqtt_client.obj (.text:MqttSendThread)
                  010175f8    00000040     drivers_cc32xx.aem4 : PWM.oem4 (.text:PWM_open)
                  01017638    00000040     driverlib.a : pin.obj (.text:PinModeSet)
                  01017678    00000040     drivers_cc32xx.aem4 : RingBuf.oem4 (.text:RingBuf_get)
                  010176b8    00000040                         : SPI.oem4 (.text:SPI_open)
                  010176f8    00000040     network_if.obj (.text:SimpleLinkGeneralEventHandler)
                  01017738    00000040     slnetsock_release.a : slnetsock.oem4 (.text:SlNetSock_bind)
                  01017778    00000040                         : slnetsock.oem4 (.text:SlNetSock_secAttribSet)
                  010177b8    00000040     drivers_cc32xx.aem4 : UARTCC32XX.oem4 (.text:UARTCC32XX_read)
                  010177f8    00000040                         : UART.oem4 (.text:UART_open)
                  01017838    00000040                         : UDMACC32XX.oem4 (.text:UDMACC32XX_init)
                  01017878    00000040     simplelink.a : driver.obj (.text:_SlDrvGlobalObjUnLock)
                  010178b8    00000040                  : driver.obj (.text:_SlFindAndReleasePendingCmd)
                  010178f8    00000040                  : spawn.obj (.text:_SlInternalSpawnWaitForEvent)
                  01017938    00000040                  : eventreg.obj (.text:_SlIsEventRegistered)
                  01017978    00000040     mqtt_release.a : mqttclient.oem4 (.text:_sl_ExtLib_ServerAckLockedWait)
                  010179b8    00000040                    : client_core.oem4 (.text:netConnect)
                  010179f8    00000040     rtsv7M4_T_le_eabi.lib : sprintf.c.obj (.text:sprintf)
                  01017a38    00000040     freertos_builds_CC3220SF_LAUNCHXL_release_ccs.lib : tasks.obj (.text:vTaskPlaceOnEventListRestricted)
                  01017a78    00000040     rtsv7M4_T_le_eabi.lib : vsnprintf.c.obj (.text:vsnprintf)
                  01017ab8    0000003e     freertos_builds_CC3220SF_LAUNCHXL_release_ccs.lib : ClockP_freertos.obj (.text:ClockP_callbackFxn)
                  01017af6    0000003e     mqtt_release.a : mqtt_common.oem4 (.text:MQTT_packetAckWlistRemove)
                  01017b34    0000003e                    : mqtt_common.oem4 (.text:MQTT_packetBufTailWrRemlen)
                  01017b72    0000003e     slnetsock_release.a : slnetsock.oem4 (.text:SlNetSock_close)
                  01017bb0    0000003e     simplelink.a : sl_socket.obj (.text:_SlSocketBuildAddress)
                  01017bee    0000003e     rtsv7M4_T_le_eabi.lib : _printfi.c.obj (.text:_fcpy)
                  01017c2c    0000003e     mqtt_release.a : client_core.oem4 (.text:clCtxSeg1Send)
                  01017c6a    0000003e                    : client_core.oem4 (.text:procPingrspRx)
                  01017ca8    0000003e     freertos_builds_CC3220SF_LAUNCHXL_release_ccs.lib : pthread.obj (.text:pthread_setcancelstate)
                  01017ce6    0000003e                                                       : semaphore.obj (.text:sem_post)
                  01017d24    0000003c     mqtt_release.a : client_core.oem4 (.text:MQTTClientCore_registerBuffers)
                  01017d60    0000003c                    : mqttclient.oem4 (.text:MQTTClient_disconnect)
                  01017d9c    0000003c                    : mqtt_common.oem4 (.text:MQTT_qos2PubCqCheck)
                  01017dd8    0000003c     network_if.obj (.text:Network_IF_DisconnectFromAP)
                  01017e14    0000003c     driverlib.a : prcm.obj (.text:PRCMSlowClkCtrFastGet)
                  01017e50    0000003c     drivers_cc32xx.aem4 : PowerCC32XX.oem4 (.text:Power_setConstraint)
                  01017e8c    0000003c     simplelink.a : netapp.obj (.text:_SlNetAppCopyPingResultsToReport)
                  01017ec8    0000003c     cJSON.obj (.text:cJSON_AddStringToObject)
                  01017f04    0000003c     cJSON.obj (.text:cJSON_CreateString)
                  01017f40    0000003c     mqtt_release.a : mqttclient.oem4 (.text:processDisconnCB)
                  01017f7c    0000003c     freertos_builds_CC3220SF_LAUNCHXL_release_ccs.lib : queue.obj (.text:prvCopyDataFromQueue)
                  01017fb8    0000003c                                                       : tasks.obj (.text:prvResetNextTaskUnblockTime)
                  01017ff4    0000003c                                                       : tasks.obj (.text:pvTaskGetThreadLocalStoragePointer)
                  01018030    0000003c     mqtt_release.a : client_core.oem4 (.text:singleCtxRxPrepLocked)
                  0101806c    0000003c                    : client_core.oem4 (.text:tailIncorpMsgID)
                  010180a8    0000003c     simplelink.a : sl_socket.obj (.text:to_mSec)
                  010180e4    0000003c     freertos_builds_CC3220SF_LAUNCHXL_release_ccs.lib : sleep.obj (.text:usleep)
                  01018120    0000003c                                                       : list.obj (.text:vListInsertEnd)
                  0101815c    0000003c                                                       : timers.obj (.text:xTimerCreate)
                  01018198    0000003a     slnetifwifi.a : slnetifwifi.obj (.text:SlNetIfWifi_getIPAddr)
                  010181d2    0000003a     drivers_cc32xx.aem4 : PWMTimerCC32XX.oem4 (.text:getPowerMgrId)
                  0101820c    0000003a     mqtt_release.a : mqtt_common.oem4 (.text:mqpProcVhMsgIdRx)
                  01018246    00000002     --HOLE-- [fill = 0]
                  01018248    00000038                    : client_core.oem4 (.text:MQTTClientCore_registerNetSvc)
                  01018280    00000038                    : mqtt_common.oem4 (.text:MQTT_qos2PubCqLogup)
                  010182b8    00000038     driverlib.a : prcm.obj (.text:PRCMLPDSEnterKeepDebugIf)
                  010182f0    00000038     slnetifwifi.a : slnetifwifi.obj (.text:SlNetIfWifi_recvFrom)
                  01018328    00000038                   : slnetifwifi.obj (.text:SlNetIfWifi_sendTo)
                  01018360    00000038                   : slnetifwifi.obj (.text:SlNetIfWifi_socket)
                  01018398    00000038     slnetsock_release.a : slnetif.oem4 (.text:SlNetIf_configCheck)
                  010183d0    00000038                         : slnetsock.oem4 (.text:SlNetSock_listen)
                  01018408    00000038                         : slnetutils.oem4 (.text:SlNetUtil_htonl)
                  01018440    00000038     mqtt_release.a : client_core.oem4 (.text:mqpAllocAtomic)
                  01018478    00000038                    : client_core.oem4 (.text:netRecv)
                  010184b0    00000038     drivers_cc32xx.aem4 : PowerCC32XX.oem4 (.text:notify)
                  010184e8    00000038     freertos_builds_CC3220SF_LAUNCHXL_release_ccs.lib : timers.obj (.text:prvGetNextExpireTime)
                  01018520    00000038                                                       : port.obj (.text:prvTaskExitError)
                  01018558    00000038     rtsv7M4_T_le_eabi.lib : sscanf.c.obj (.text:sscanf)
                  01018590    00000036     mqtt_release.a : mqtt_common.oem4 (.text:MQTT_packetPrepFh)
                  010185c6    00000036     slnetifwifi.a : slnetifwifi.obj (.text:SlNetIfWifi_getHostByName)
                  010185fc    00000036                   : slnetifwifi.obj (.text:SlNetIfWifi_select)
                  01018632    00000036     drivers_cc32xx.aem4 : UARTCC32XX.oem4 (.text:UARTCC32XX_readCancel)
                  01018668    00000036     mqtt_release.a : client_core.oem4 (.text:_procPubRecRx)
                  0101869e    00000036     rtsv7M4_T_le_eabi.lib : strncpy.c.obj (.text:strncpy)
                  010186d4    00000034     driverlib.a : pin.obj (.text:PinModeGet)
                  01018708    00000034     drivers_cc32xx.aem4 : PowerCC32XX.oem4 (.text:PowerCC32XX_restoreParkState)
                  0101873c    00000034     robot_arm.obj (.text:RobotArm_reset)
                  01018770    00000034     freertos_builds_CC3220SF_LAUNCHXL_release_ccs.lib : SemaphoreP_freertos.obj (.text:SemaphoreP_pend)
                  010187a4    00000034     slnetsock_release.a : slnetutils.oem4 (.text:SlNetUtil_htons)
                  010187d8    00000034     drivers_cc32xx.aem4 : TimerCC32XX.oem4 (.text:TimerCC32XX_freeTimerResource)
                  0101880c    00000034                         : UDMACC32XX.oem4 (.text:UDMACC32XX_close)
                  01018840    00000034     freertos_builds_CC3220SF_LAUNCHXL_release_ccs.lib : mqueue.obj (.text:findInList)
                  01018874    00000034     drivers_cc32xx.aem4 : TimerCC32XX.oem4 (.text:getPowerMgrId)
                  010188a8    00000034     mqtt_release.a : client_core.oem4 (.text:groupCtxsKaSequence)
                  010188dc    00000034                    : client_core.oem4 (.text:mqpFreeLocked)
                  01018910    00000034                    : client_core.oem4 (.text:procLoopbackRecv)
                  01018944    00000034     freertos_builds_CC3220SF_LAUNCHXL_release_ccs.lib : timers.obj (.text:prvSampleTimeNow)
                  01018978    00000034                                                       : tasks.obj (.text:vTaskPlaceOnEventList)
                  010189ac    00000034                                                       : tasks.obj (.text:vTaskSetThreadLocalStoragePointer)
                  010189e0    00000032     mqtt_release.a : mqtt_common.oem4 (.text:MQTT_clCtxTimeoutInsert)
                  01018a12    00000032                    : client_core.oem4 (.text:connectedStateRx)
                  01018a44    00000030     drivers_cc32xx.aem4 : PowerCC32XX.oem4 (.text:PowerCC32XX_restoreParkedPin)
                  01018a74    00000030     simplelink.a : fs.obj (.text:_SlFsStrlen)
                  01018aa4    00000030     rtsv7M4_T_le_eabi.lib : vsnprintf.c.obj (.text:_outs)
                  01018ad4    00000030     mqtt_release.a : client_core.oem4 (.text:ack2MsgIdUnlog)
                  01018b04    00000030                    : client_core.oem4 (.text:bufUTF8WrTry)
                  01018b34    00000030                    : client_core.oem4 (.text:clientDescInit)
                  01018b64    00000030                    : mqttclient.oem4 (.text:getAvailableClictxMem)
                  01018b94    00000030     main.obj (.text:printBorder)
                  01018bc4    00000030     cJSON.obj (.text:update_offset)
                  01018bf4    00000030     freertos_builds_CC3220SF_LAUNCHXL_release_ccs.lib : list.obj (.text:vListInitialise)
                  01018c24    00000030                                                       : port.obj (.text:vPortExitCritical)
                  01018c54    00000030                                                       : tasks.obj (.text:xTaskGetSchedulerState)
                  01018c84    0000002e     simplelink.a : cc_pal.obj (.text:Mutex_create_handle)
                  01018cb2    0000002e     freertos_builds_CC3220SF_LAUNCHXL_release_ccs.lib : timers.obj (.text:pvTimerGetTimerID)
                  01018ce0    0000002e     rtsv7M4_T_le_eabi.lib : i_tofd_t2.asm.obj (.text)
                  01018d0e    00000002     --HOLE-- [fill = 0]
                  01018d10    0000002c     freertos_builds_CC3220SF_LAUNCHXL_release_ccs.lib : HwiPCC32XX_freertos.obj (.text:HwiP_disable)
                  01018d3c    0000002c     simplelink.a : cc_pal.obj (.text:NwpPowerOn)
                  01018d68    0000002c     driverlib.a : prcm.obj (.text:PRCMLPDSIntervalSet)
                  01018d94    0000002c     drivers_cc32xx.aem4 : PowerCC32XX.oem4 (.text:PowerCC32XX_getParkState)
                  01018dc0    0000002c     freertos_builds_CC3220SF_LAUNCHXL_release_ccs.lib : SemaphoreP_freertos.obj (.text:SemaphoreP_createBinary)
                  01018dec    0000002c     slnetifwifi.a : slnetifwifi.obj (.text:SlNetIfWifi_recv)
                  01018e18    0000002c                   : slnetifwifi.obj (.text:SlNetIfWifi_send)
                  01018e44    0000002c     simplelink.a : driver.obj (.text:_SlDrvSyncObjWaitForever)
                  01018e70    0000002c     mqtt_release.a : client_core.oem4 (.text:doNetCloseRx)
                  01018e9c    0000002c     freertos_builds_CC3220SF_LAUNCHXL_release_ccs.lib : pthread_mutex.obj (.text:pthread_mutexattr_settype)
                  01018ec8    0000002c     mqtt_release.a : client_core.oem4 (.text:singleCtxAdjWaitSecsGet)
                  01018ef4    0000002c     rtsv7M4_T_le_eabi.lib : strncmp.c.obj (.text:strncmp)
                  01018f20    0000002c     freertos_builds_CC3220SF_LAUNCHXL_release_ccs.lib : tasks.obj (.text:vTaskSetApplicationTaskTag)
                  01018f4c    0000002c                                                       : port.obj (.text:xPortSysTickHandler)
                  01018f78    0000002c                                                       : queue.obj (.text:xQueueCreateMutex)
                  01018fa4    0000002a     slnetsock_release.a : slnetutils.oem4 (.text:SlNetUtil_inetPton)
                  01018fce    0000002a     mqtt_release.a : client_core.oem4 (.text:ack2MsgIdDispatch)
                  01018ff8    0000002a                    : client_core.oem4 (.text:pingReqSend)
                  01019022    0000002a     freertos_builds_CC3220SF_LAUNCHXL_release_ccs.lib : queue.obj (.text:prvInitialiseMutex)
                  0101904c    0000002a     mqtt_release.a : client_core.oem4 (.text:txPartSetup)
                  01019076    0000002a     freertos_builds_CC3220SF_LAUNCHXL_release_ccs.lib : queue.obj (.text:uxQueueMessagesWaiting)
                  010190a0    00000028                                                       : HwiPCC32XX_freertos.obj (.text:HwiP_inISR)
                  010190c8    00000028     input_queue.obj (.text:InputQueue_init)
                  010190f0    00000028     mqtt_release.a : mqtt_common.oem4 (.text:MQTT_packetBufWrUtf8)
                  01019118    00000028     output_queue.obj (.text:OutputQueue_recv)
                  01019140    00000028     driverlib.a : prcm.obj (.text:PRCMLPDSWakeupSourceEnable)
                  01019168    00000028                 : prcm.obj (.text:PRCMPeripheralClkDisable)
                  01019190    00000028     drivers_cc32xx.aem4 : PowerCC32XX.oem4 (.text:Power_registerNotify)
                  010191b8    00000028     slnetsock_release.a : slnetif.oem4 (.text:SlNetIf_getIfByID)
                  010191e0    00000028                         : slnetsock.oem4 (.text:SlNetSock_sdsIsSet)
                  01019208    00000028                         : slnetsock.oem4 (.text:SlNetSock_sdsSet)
                  01019230    00000028                         : slnetsock.oem4 (.text:SlNetSock_secAttribDelete)
                  01019258    00000028     simplelink.a : driver.obj (.text:_SlDrvProtectionObjLockWaitForever)
                  01019280    00000028                  : driver.obj (.text:_SlDrvProtectionObjUnLock)
                  010192a8    00000028                  : flowcont.obj (.text:_SlFlowContSet)
                  010192d0    00000028     mqtt_release.a : client_core.oem4 (.text:_procPubRelRx)
                  010192f8    00000028                    : mqttclient.oem4 (.text:_sl_ExtLib_AwaitedAckLockedSet)
                  01019320    00000028     freertos_builds_CC3220SF_LAUNCHXL_release_ccs.lib : pthread.obj (.text:pthread_attr_setschedparam)
                  01019348    00000028                                                       : semaphore.obj (.text:sem_trywait)
                  01019370    00000028                                                       : tasks.obj (.text:xTaskGetApplicationTaskTag)
                  01019398    00000026     drivers_cc32xx.aem4 : List.oem4 (.text:List_put)
                  010193be    00000026                         : List.oem4 (.text:List_remove)
                  010193e4    00000026     mqtt_release.a : mqtt_common.oem4 (.text:MQTT_clCtxRemove)
                  0101940a    00000026     freertos_builds_CC3220SF_LAUNCHXL_release_ccs.lib : pthread.obj (.text:_pthread_cleanup_pop)
                  01019430    00000026                                                       : queue.obj (.text:prvIsQueueFull)
                  01019456    00000002     --HOLE-- [fill = 0]
                  01019458    00000024     input_queue.obj (.text:InputQueue_sendCmd)
                  0101947c    00000024     driverlib.a : interrupt.obj (.text:IntUnregister)
                  010194a0    00000024     slnetsock_release.a : slnetif.oem4 (.text:SlNetIf_getConnectionStatus)
                  010194c4    00000024     simplelink.a : driver.obj (.text:_SlDrvIsApiInProgress)
                  010194e8    00000024                  : driver.obj (.text:_SlDrvStartMeasureTimeout)
                  0101950c    00000024     rtsv7M4_T_le_eabi.lib : boot_cortex_m.c.obj (.text:_c_int00_noargs:_c_int00_noargs)
                  01019530    00000024     mqtt_release.a : client_core.oem4 (.text:conn2usedCtxs)
                  01019554    00000024     rtsv7M4_T_le_eabi.lib : memmov.c.obj (.text:memmove)
                  01019578    00000024     freertos_builds_CC3220SF_LAUNCHXL_release_ccs.lib : queue.obj (.text:prvGetDisinheritPriorityAfterTimeout)
                  0101959c    00000024     mqtt_release.a : client_core.oem4 (.text:recvHvecLoad)
                  010195c0    00000024     freertos_builds_CC3220SF_LAUNCHXL_release_ccs.lib : semaphore.obj (.text:sem_getvalue)
                  010195e4    00000024     simplelink.a : wlan.obj (.text:sl_WlanDisconnect)
                  01019608    00000024     freertos_builds_CC3220SF_LAUNCHXL_release_ccs.lib : queue.obj (.text:vQueueDelete)
                  0101962c    00000024                                                       : tasks.obj (.text:vTaskInternalSetTimeOutState)
                  01019650    00000022     mqtt_release.a : mqtt_common.oem4 (.text:MQTT_packetProcMsgIdAckRx)
                  01019672    00000022     freertos_builds_CC3220SF_LAUNCHXL_release_ccs.lib : SemaphoreP_freertos.obj (.text:SemaphoreP_post)
                  01019694    00000022                                                       : aeabi_portable.obj (.text:__aeabi_errno_addr)
                  010196b6    00000022     cJSON.obj (.text:cJSON_New_Item)
                  010196d8    00000022     freertos_builds_CC3220SF_LAUNCHXL_release_ccs.lib : pthread.obj (.text:pthread_attr_setdetachstate)
                  010196fa    00000002     --HOLE-- [fill = 0]
                  010196fc    00000020                                                       : ClockP_freertos.obj (.text:ClockP_getCpuFreq)
                  0101971c    00000020                                                       : HwiPCC32XX_freertos.obj (.text:HwiP_restore)
                  0101973c    00000020     driverlib.a : interrupt.obj (.text:IntRegister)
                  0101975c    00000020     mqtt_release.a : mqtt_common.oem4 (.text:MQTT_qos2PubCqReset)
                  0101977c    00000020     drivers_cc32xx.aem4 : PowerCC32XX.oem4 (.text:Power_unregisterNotify)
                  0101979c    00000020                         : RingBuf.oem4 (.text:RingBuf_peek)
                  010197bc    00000020     robot_arm.obj (.text:RobotArm_Resume)
                  010197dc    00000020     slnetifwifi.a : slnetifwifi.obj (.text:SlNetIfWifi_accept)
                  010197fc    00000020     drivers_cc32xx.aem4 : SPICC32XXDMA.oem4 (.text:getPowerMgrId)
                  0101981c    00000020                         : UARTCC32XX.oem4 (.text:getPowerMgrId)
                  0101983c    00000020     freertos_builds_CC3220SF_LAUNCHXL_release_ccs.lib : queue.obj (.text:prvIsQueueEmpty)
                  0101985c    00000020                                                       : semaphore.obj (.text:semaphorePend)
                  0101987c    00000020     mqtt_release.a : client_core.oem4 (.text:session311fix)
                  0101989c    0000001e     freertos_builds_CC3220SF_LAUNCHXL_release_ccs.lib : ClockP_freertos.obj (.text:ClockP_start)
                  010198ba    0000001e                                                       : HwiPCC32XX_freertos.obj (.text:HwiP_Params_init)
                  010198d8    0000001e     mqtt_release.a : client_core.oem4 (.text:MQTTClientCore_alloc)
                  010198f6    0000001e                    : client_core.oem4 (.text:MQTTClientCore_ctxRun)
                  01019914    0000001e     slnetifwifi.a : slnetifwifi.obj (.text:SlNetIfWifi_bind)
                  01019932    0000001e                   : slnetifwifi.obj (.text:SlNetIfWifi_connect)
                  01019950    0000001e     simplelink.a : driver.obj (.text:_SlDrvObjLockWaitForever)
                  0101996e    0000001e                  : driver.obj (.text:_SlDrvObjUnLock)
                  0101998c    0000001e                  : driver.obj (.text:_SlDrvSyncObjSignal)
                  010199aa    0000001e     freertos_builds_CC3220SF_LAUNCHXL_release_ccs.lib : pthread.obj (.text:_pthread_runStub)
                  010199c8    0000001e     drivers_cc32xx.aem4 : UDMACC32XX.oem4 (.text:postNotifyFxn)
                  010199e6    0000001e     mqtt_release.a : client_core.oem4 (.text:procNetDataRecv)
                  01019a04    0000001e                    : client_core.oem4 (.text:sessionDelete)
                  01019a22    0000001c     freertos_builds_CC3220SF_LAUNCHXL_release_ccs.lib : ClockP_freertos.obj (.text:ClockP_Params_init)
                  01019a3e    00000002     --HOLE-- [fill = 0]
                  01019a40    0000001c     uart_term.obj (.text:Message)
                  01019a5c    0000001c     output_queue.obj (.text:OutputQueue_init)
                  01019a78    0000001c     driverlib.a : pin.obj (.text:PinToPadGet)
                  01019a94    0000001c     robot_arm.obj (.text:RobotArm_stop)
                  01019ab0    0000001c     simplelink.a : device.obj (.text:_SlDeviceGetStartResponseConvert)
                  01019acc    0000001c                  : spawn.obj (.text:_SlInternalIsItSpawnThread)
                  01019ae8    0000001c     mqtt_release.a : client_core.oem4 (.text:awaitsPkts)
                  01019b04    0000001c     cJSON.obj (.text:cJSON_CreateObject)
                  01019b20    0000001c     mqtt_release.a : client_core.oem4 (.text:doNetCloseTx)
                  01019b3c    0000001c     rtsv7M4_T_le_eabi.lib : memccpy.c.obj (.text:memccpy)
                  01019b58    0000001c     mqtt_release.a : client_core.oem4 (.text:processRecv)
                  01019b74    0000001c     freertos_builds_CC3220SF_LAUNCHXL_release_ccs.lib : pthread.obj (.text:pthread_attr_init)
                  01019b90    0000001c                                                       : pthread_mutex.obj (.text:pthread_mutexattr_init)
                  01019bac    0000001c                                                       : tasks.obj (.text:pvTaskIncrementMutexHeldCount)
                  01019bc8    0000001c     mqtt_release.a : client_core.oem4 (.text:usedCtxsTOSort)
                  01019be4    0000001a                    : mqtt_common.oem4 (.text:MQTT_packetAckWlistPurge)
                  01019bfe    0000001a     freertos_builds_CC3220SF_LAUNCHXL_release_ccs.lib : PTLS.obj (.text:PTLS_taskDeleteHook)
                  01019c18    0000001a     slnetifwifi.a : slnetifwifi.obj (.text:SlNetIfWifi_listen)
                  01019c32    0000001a     freertos_builds_CC3220SF_LAUNCHXL_release_ccs.lib : timers.obj (.text:prvTimerTask)
                  01019c4c    0000001a                                                       : pthread_mutex.obj (.text:pthread_mutex_destroy)
                  01019c66    00000018     client_cbs.obj (.text:GetPlayload)
                  01019c7e    00000002     --HOLE-- [fill = 0]
                  01019c80    00000018     input_queue.obj (.text:InputQueue_recv)
                  01019c98    00000018     mqtt_release.a : mqtt_common.oem4 (.text:MQTT_clCtxTimeoutUpdate)
                  01019cb0    00000018     drivers_cc32xx.aem4 : PowerCC32XX.oem4 (.text:Power_idleFunc)
                  01019cc8    00000018     driverlib.a : uart.obj (.text:UARTBusy)
                  01019ce0    00000018                 : uart.obj (.text:UARTIntEnable)
                  01019cf8    00000018     drivers_cc32xx.aem4 : UART.oem4 (.text:UART_Params_init)
                  01019d10    00000018     rtsv7M4_T_le_eabi.lib : vsnprintf.c.obj (.text:_outc)
                  01019d28    00000018                           : sprintf.c.obj (.text:_outs)
                  01019d40    00000018     freertos_builds_CC3220SF_LAUNCHXL_release_ccs.lib : memory.obj (.text:free)
                  01019d58    00000018     mqtt_release.a : client_core.oem4 (.text:groupCtxsAdjWaitSecsGet)
                  01019d70    00000018                    : client_core.oem4 (.text:netClCtxFind)
                  01019d88    00000018     uart_term.obj (.text:putch)
                  01019da0    00000018     rtsv7M4_T_le_eabi.lib : ll_mul_t2.asm.obj (.text)
                  01019db8    00000018     freertos_builds_CC3220SF_LAUNCHXL_release_ccs.lib : semaphore.obj (.text:sem_wait)
                  01019dd0    00000018     rtsv7M4_T_le_eabi.lib : strcmp.c.obj (.text:strcmp)
                  01019de8    00000018                           : strrchr.c.obj (.text:strrchr)
                  01019e00    00000018     cJSON.obj (.text:suffix_object)
                  01019e18    00000016     freertos_builds_CC3220SF_LAUNCHXL_release_ccs.lib : ClockP_freertos.obj (.text:ClockP_setTimeout)
                  01019e2e    00000016     mqtt_release.a : mqtt_net_func.oem4 (.text:MQTTNet_commClose)
                  01019e44    00000016                    : mqtt_common.oem4 (.text:MQTT_clCtxReset)
                  01019e5a    00000016                    : mqtt_common.oem4 (.text:MQTT_packetFree)
                  01019e70    00000016                    : mqtt_common.oem4 (.text:MQTT_packetInit)
                  01019e86    00000016     driverlib.a : prcm.obj (.text:PRCMHIBRegRead)
                  01019e9c    00000016                 : prcm.obj (.text:PRCMHIBRegWrite)
                  01019eb2    00000016     freertos_builds_CC3220SF_LAUNCHXL_release_ccs.lib : PTLS.obj (.text:PTLS_getBuf)
                  01019ec8    00000016                                                       : PTLS.obj (.text:PTLS_setBuf)
                  01019ede    00000016                                                       : SemaphoreP_freertos.obj (.text:SemaphoreP_Params_init)
                  01019ef4    00000016     simplelink.a : driver.obj (.text:_SlDrvMemZero)
                  01019f0a    00000002     --HOLE-- [fill = 0]
                  01019f0c    00000016     freertos_builds_CC3220SF_LAUNCHXL_release_ccs.lib : startup_cc32xx_ccs.obj (.text:resetISR)
                  01019f22    00000016     rtsv7M4_T_le_eabi.lib : strchr.c.obj (.text:strchr)
                  01019f38    00000014     driverlib.a : cpu.obj (.text:CPUcpsie)
                  01019f4c    00000014                 : interrupt.obj (.text:IntVTableBaseSet)
                  01019f60    00000014     mqtt_release.a : mqttclient.oem4 (.text:MQTTClient_publish)
                  01019f74    00000014                    : mqtt_net_func.oem4 (.text:MQTTNet_rtcSecs)
                  01019f88    00000014                    : mqtt_common.oem4 (.text:MQTT_packetAckWlistAppend)
                  01019f9c    00000014                    : mqtt_common.oem4 (.text:MQTT_packetReset)
                  01019fb0    00000014     drivers_cc32xx.aem4 : PWM.oem4 (.text:PWM_Params_init)
                  01019fc4    00000014                         : PowerCC32XX.oem4 (.text:Power_getDependencyCount)
                  01019fd8    00000014                         : SPI.oem4 (.text:SPI_Params_init)
                  01019fec    00000014     slnetsock_release.a : slnetsock.oem4 (.text:SlNetSock_sdsClrAll)
                  0101a000    00000014     mqtt_release.a : client_core.oem4 (.text:ack1WlRmfree)
                  0101a014    00000014     cJSON.obj (.text:cJSON_PrintUnformatted)
                  0101a028    00000014     freertos_builds_CC3220SF_LAUNCHXL_release_ccs.lib : tasks.obj (.text:prvDeleteTCB)
[...]
01017321  __TI_auto_init_nobinit_nopinit            
010173a9  vTaskStepTick                             
01017431  MQTT_packetBufRdRemlen                    
010174b5  malloc                                    
01017539  InitializeAppVariables                    
01017579  MQTTClientCore_registerCtxInfo            
010175b9  MqttSendThread                            
010175f9  PWM_open                                  
01017639  PinModeSet                                
01017679  RingBuf_get                               
010176b9  SPI_open                                  
010176f9  SimpleLinkGeneralEventHandler             
01017739  SlNetSock_bind                            
01017779  SlNetSock_secAttribSet                    
010177b9  UARTCC32XX_read                           
010177f9  UART_open                                 
01017839  UDMACC32XX_init                           
01017879  _SlDrvGlobalObjUnLock                     
010178b9  _SlFindAndReleasePendingCmd               
010178f9  _SlInternalSpawnWaitForEvent              
01017939  _SlIsEventRegistered                      
01017979  _sl_ExtLib_ServerAckLockedWait            
010179f9  sprintf                                   
01017a39  vTaskPlaceOnEventListRestricted           
01017a79  vsnprintf                                 
01017ab9  ClockP_callbackFxn                        
01017af7  MQTT_packetAckWlistRemove                 
01017b35  MQTT_packetBufTailWrRemlen                
01017b73  SlNetSock_close                           
01017ca9  pthread_setcancelstate                    
01017ce7  sem_post                                  
01017d25  MQTTClientCore_registerBuffers            
01017d61  MQTTClient_disconnect                     
01017d9d  MQTT_qos2PubCqCheck                       
01017dd9  Network_IF_DisconnectFromAP               
01017e15  PRCMSlowClkCtrFastGet                     
01017e51  Power_setConstraint                       
01017ec9  cJSON_AddStringToObject                   
01017f05  cJSON_CreateString                        
01017ff5  pvTaskGetThreadLocalStoragePointer        
010180e5  usleep                                    
01018121  vListInsertEnd                            
0101815d  xTimerCreate                              
01018199  SlNetIfWifi_getIPAddr                     
01018249  MQTTClientCore_registerNetSvc             
01018281  MQTT_qos2PubCqLogup                       
010182b9  PRCMLPDSEnterKeepDebugIf                  
010182f1  SlNetIfWifi_recvFrom                      
01018329  SlNetIfWifi_sendTo                        
01018361  SlNetIfWifi_socket                        
010183d1  SlNetSock_listen                          
01018409  SlNetUtil_htonl                           
01018409  SlNetUtil_ntohl                           
01018559  sscanf                                    
01018591  MQTT_packetPrepFh                         
010185c7  SlNetIfWifi_getHostByName                 
010185fd  SlNetIfWifi_select                        
01018633  UARTCC32XX_readCancel                     
0101869f  strncpy                                   
010186d5  PinModeGet                                
01018709  PowerCC32XX_restoreParkState              
0101873d  RobotArm_reset                            
01018771  SemaphoreP_pend                           
010187a5  SlNetUtil_htons                           
010187a5  SlNetUtil_ntohs                           
010187d9  TimerCC32XX_freeTimerResource             
0101880d  UDMACC32XX_close                          
01018979  vTaskPlaceOnEventList                     
010189ad  vTaskSetThreadLocalStoragePointer         
010189e1  MQTT_clCtxTimeoutInsert                   
01018a45  PowerCC32XX_restoreParkedPin              
01018b95  printBorder                               
01018bf5  vListInitialise                           
01018c25  vPortExitCritical                         
01018c55  xTaskGetSchedulerState                    
01018c85  Mutex_create_handle                       
01018cb3  pvTimerGetTimerID                         
01018ce1  __aeabi_i2d                               
01018d11  HwiP_disable                              
01018d3d  NwpPowerOn                                
01018d69  PRCMLPDSIntervalSet                       
01018d95  PowerCC32XX_getParkState                  
01018dc1  SemaphoreP_createBinary                   
01018ded  SlNetIfWifi_recv                          
01018e19  SlNetIfWifi_send                          
01018e45  _SlDrvSyncObjWaitForever                  
01018e9d  pthread_mutexattr_settype                 
01018ef5  strncmp                                   
01018f21  vTaskSetApplicationTaskTag                
01018f4d  xPortSysTickHandler                       
01018f79  xQueueCreateMutex                         
01018fa5  SlNetUtil_inetPton                        
01019077  uxQueueMessagesWaiting                    
010190a1  HwiP_inISR                                
010190c9  InputQueue_init                           
010190f1  MQTT_packetBufWrUtf8                      
01019119  OutputQueue_recv                          
01019141  PRCMLPDSWakeupSourceEnable                
01019169  PRCMPeripheralClkDisable                  
01019191  Power_registerNotify                      
010191b9  SlNetIf_getIfByID                         
010191e1  SlNetSock_sdsIsSet                        
01019209  SlNetSock_sdsSet                          
01019231  SlNetSock_secAttribDelete                 
01019259  _SlDrvProtectionObjLockWaitForever        
01019281  _SlDrvProtectionObjUnLock                 
010192a9  _SlFlowContSet                            
010192f9  _sl_ExtLib_AwaitedAckLockedSet            
01019321  pthread_attr_setschedparam                
01019349  sem_trywait                               
01019371  xTaskGetApplicationTaskTag                
01019399  List_put                                  
010193bf  List_remove                               
010193e5  MQTT_clCtxRemove                          
0101940b  _pthread_cleanup_pop                      
01019459  InputQueue_sendCmd                        
0101947d  IntUnregister                             
010194a1  SlNetIf_getConnectionStatus               
010194c5  _SlDrvIsApiInProgress                     
010194e9  _SlDrvStartMeasureTimeout                 
0101950d  _c_int00_noargs                           
01019555  memmove                                   
010195c1  sem_getvalue                              
010195e5  sl_WlanDisconnect                         
01019609  vQueueDelete                              
0101962d  vTaskInternalSetTimeOutState              
01019651  MQTT_packetProcMsgIdAckRx                 
01019673  SemaphoreP_post                           
01019695  __aeabi_errno_addr                        
010196d9  pthread_attr_setdetachstate               
010196fd  ClockP_getCpuFreq                         
0101971d  HwiP_restore                              
0101973d  IntRegister                               
0101975d  MQTT_qos2PubCqReset                       
0101977d  Power_unregisterNotify                    
0101979d  RingBuf_peek                              
010197bd  RobotArm_Resume                           
010197dd  SlNetIfWifi_accept                        
0101989d  ClockP_start                              
010198bb  HwiP_Params_init                          
010198d9  MQTTClientCore_alloc                      
010198f7  MQTTClientCore_ctxRun                     
01019915  SlNetIfWifi_bind                          
01019933  SlNetIfWifi_connect                       
01019951  _SlDrvObjLockWaitForever                  
0101996f  _SlDrvObjUnLock                           
0101998d  _SlDrvSyncObjSignal                       
01019a23  ClockP_Params_init                        
01019a41  Message                                   
01019a5d  OutputQueue_init                          
01019a79  PinToPadGet                               
01019a95  RobotArm_stop                             
01019acd  _SlInternalIsItSpawnThread                
01019b05  cJSON_CreateObject                        
01019b3d  memccpy                                   
01019b75  pthread_attr_init                         
01019b91  pthread_mutexattr_init                    
01019bad  pvTaskIncrementMutexHeldCount             
01019be5  MQTT_packetAckWlistPurge                  
01019bff  PTLS_taskDeleteHook                       
01019c19  SlNetIfWifi_listen                        
01019c4d  pthread_mutex_destroy                     
01019c67  GetPlayload                               
01019c81  InputQueue_recv                           
01019c99  MQTT_clCtxTimeoutUpdate                   
01019cb1  Power_idleFunc                            
01019cc9  UARTBusy                                  
01019ce1  UARTIntEnable                             
01019cf9  UART_Params_init                          
01019d41  free                                      
01019d89  putch                                     
01019da1  __aeabi_lmul                              
01019db9  sem_wait                                  
01019dd1  strcmp                                    
01019de9  strrchr                                   
01019e19  ClockP_setTimeout                         
01019e2f  MQTTNet_commClose                         
01019e45  MQTT_clCtxReset                           
01019e5b  MQTT_packetFree                           
01019e71  MQTT_packetInit                           
01019e87  PRCMHIBRegRead                            
01019e9d  PRCMHIBRegWrite                           
01019eb3  PTLS_getBuf                               
01019ec9  PTLS_setBuf                               
01019edf  SemaphoreP_Params_init                    
01019ef5  _SlDrvMemZero                             
01019f0d  resetISR                                  
01019f1c  resetVectorAddr                           
01019f23  strchr                                    
01019f39  CPUcpsie                                  
01019f4d  IntVTableBaseSet                          
01019f61  MQTTClient_publish                        
01019f75  MQTTNet_rtcSecs                           
01019f89  MQTT_packetAckWlistAppend                 
01019f9d  MQTT_packetReset                          
01019fb1  PWM_Params_init                           
01019fc5  Power_getDependencyCount                  
01019fd9  SPI_Params_init                           
01019fed  SlNetSock_sdsClrAll                       
0101a015  cJSON_PrintUnformatted                    
0101a03d  pthread_attr_setstacksize                 
0101a051  pthread_mutex_lock                        
0101a065  pthread_self                              
0101a08d  sem_destroy                               
0101a0a1  strcpy                                    
0101a0b5  strlen                                    
0101a0f1  vPortSuppressTicksAndSleep                
0101a105  xTaskGetCurrentTaskHandle                 
0101a119  xTaskGetTickCount                         
0101a12d  HwiP_delete                               
0101a13f  OnTimer                                   
0101a151  RingBuf_construct                         
0101a163  SlNetIfWifi_close                         
0101a187  cJSON_GetObjectItem                       
0101a1e1  wcslen                                    
0101a1f3  Board_init                                
0101a203  ClockP_getSystemTickPeriod                
0101a213  MQTTClientCore_sendUnsubMsg               
0101a223  SlNetSock_secAttribCreate                 
0101a235  SysTickDisable                            
0101a245  SysTickEnable                             
0101a255  _SlDrvDispatchHttpServerEvents            
0101a265  _SlDrvDispatchNetAppRequestEvents         
0101a275  _SlDrvIsSpawnOwnGlobalLock                
0101a285  cJSON_Parse                               
0101a2f5  tolower                                   
0101a305  vListInitialiseItem                       
0101a315  vTaskSuspendAll                           
0101a325  MQTTClient_subscribe                      
0101a333  MQTTClient_unsubscribe                    
0101a341  Power_getTransitionLatency                
0101a34f  RingBuf_isFull                            
0101a35d  _SlDrvResetCmdExt                         
0101a36b  _sl_ExtLib_AwaitedAckSet                  
0101a387  __TI_decompress_none                      
0101a3a3  spi_Close                                 
0101a3b1  CPUwfi                                    
0101a3bd  HwiP_clearInterrupt                       
0101a3c9  HwiP_disableInterrupt                     
0101a3d5  HwiP_enableInterrupt                      
0101a3e1  MQTTClientCore_sendConnectMsg             
0101a3ed  MQTT_secureConnStructInit                 
0101a3f9  Network_IF_ResetMCUStateMachine           
0101a405  NwpMaskInterrupt                          
0101a411  NwpUnMaskInterrupt                        
0101a41d  Power_getConstraintMask                   
0101a429  SemaphoreP_delete                         
0101a435  SimpleLinkHttpServerEventHandler          
0101a441  SimpleLinkNetAppRequestEventHandler       
0101a44d  _SlDeviceResetRequestInitCompletedCB      
0101a471  copysign                                  
0101a471  copysignl                                 
0101a47d  __TI_zero_init                            
0101a495  uDMAErrorStatusClear                      
0101a4a1  uDMAErrorStatusGet                        
0101a4ad  vTaskMissedYield                          
0101a4b9  IntMasterEnable                           
0101a4c3  PWM_setDuty                               
0101a4cd  PWM_start                                 
0101a4d7  SPI_close                                 
0101a4e1  SPI_transfer                              
0101a4eb  SimpleLinkNetAppRequestMemFreeEventHandler
0101a4f5  UART_control                              
0101a4ff  UART_readPolling                          
0101a509  UART_writePolling                         
0101a51d  sl_Task                                   
0101a527  vApplicationStackOverflowHook             
0101a531  ClockP_getSystemTicks                     
0101a539  MQTTClientCore_sendSubMsg                 
0101a541  MQTTNet_tcpSend                           
0101a549  PRCMSleepEnter                            
0101a551  TimerGetCurrentTimestamp                  
0101a581  PWMTimerCC32XX_control                    
0101a587  SPICC32XXDMA_control                      
0101a58d  UtilsDelay                                
0101a5ab  SPICC32XXDMA_init                         
0101a5af  SlNetIf_init                              
0101a5b3  SlNetUtil_init                            
0101a5b7  _system_pre_init                          
0101a5bb  C$$EXIT                                   
0101a5bb  abort                                     
0101a5d0  _ctypes_                                  
0101aa18  spiCC32XXDMAHWAttrs                       
0101aa90  OpcodeTranslateTable                      
0101ab00  _SlActionLookupTable                      
0101ab50  PowerCC32XX_config                        
0101abcc  PWM_config                                
0101abfc  UARTCC32XX_fxnTable                       
0101ac24  PWMTimerCC32XX_fxnTable                   
0101ac48  UART_defaultParams                        
0101acb0  SPI_defaultParams                         
0101ad4c  PWM_defaultParams                         
0101ad64  SPICC32XXDMA_fxnTable                     
0101ad7c  SPI_config                                
0101af54  pwmTimerCC32XXHWAttrs                     
0101af90  UART_config                               
0101afc0  udmaCC3220SHWAttrs                        
0101afd4  UDMACC32XX_config                         
0101afdc  ulMaxSyscallInterruptPriority             
0101b026  CryptoCC32XX_count                        
0101b027  PWM_count                                 
0101b028  SPI_count                                 
0101b029  UART_count                                
0101b04a  _SlNetAppSendResponseCmdCtrl              
0101b04e  _SlNetAppSendTokenValueCmdCtrl            
0101b090  __TI_static_base__                        
0101b22c  __TI_Handler_Table_Base                   
0101b238  __TI_Handler_Table_Limit                  
0101b240  __TI_CINIT_Base                           
0101b250  __TI_CINIT_Limit                          
20009000  g_CB                                      
200093fc  clients                                   
200096ac  PowerCC32XX_contextSave                   
20009970  pwmTimerCC32XXObjects                     
20009a00  spiCC32XXDMAObjects                       
20009a88  uartCC32XXObjects0                        
20009c00  GlobalLockObj                             
20009c2c  g_SlInternalSpawnCB                       
20009c54  g_ucConnectionSSID                        
20009d50  MQTTClient_Lib_CB                         
20009d60  pwm                                       
20009d70  DeviceCB                                  
20009d7c  Msg                                       
20009da0  g_ucConnectionBSSID                       
20009da8  spiCC32XXSDMAscratchBuf                   
20009db0  udmaCC3220SObject                         
20009dc0  gMqttClient                               
20009dc4  g_PBQueue                                 
20009dc8  hInputQueue                               
20009dcc  hOutputQueue                              
20009dd0  hTimer                                    
20009dd4  MQTTClient_waitSecs                       
20009dd6  g_usConnectIndex                          
20009dd8  RxIrqCnt                                  
20009ddc  HwiP_dispatchTable                        
2000a5dc  PowerCC32XX_module                        
2000a748  parkInfo                                  
2000a840  SlNetIfConfigWifi                         
2000a8cd  lineBreak                                 
2000a8d0  pxCurrentTCB                              
2000a904  MQTTClient_net                            
2000a92c  g_LibsEvents                              
2000a950  g_UserEvents                              
2000a974  Mqtt_ClientCtx                            
2000aa04  g_ulStaIp                                 
2000aa08  g_ulGatewayIP                             
2000aa0c  g_ulStatus                                
2000aa10  gGlobalLockCntRequested                   
2000aa11  gGlobalLockCntReleased                    
2000aa12  g_SlDeviceStatus                          
2000aa14  g_pCB                                     
2000aa18  pPingCallBackFunc                         
2000aa1c  will_param                                
2000aa34  MQTTClient_closeContext                   
2000aa38  MQTTClient_clientContext                  
2000aa3c  MQTTClient_multiSrvConn                   
2000aa40  MQTTClient_clientCfg                      
2000aa78  MQTTClient_connectCfg                     
2000aa88  publish_topic                             
2000aa8c  g_intHandle                               
2003fc00  __stack                                   
20040000  __STACK_END                               
ffffffff  __TI_pprof_out_hndl                       
ffffffff  __TI_prof_data_size                       
ffffffff  __TI_prof_data_start                      
ffffffff  __binit__                                 
ffffffff  __c_args__                                
ffffffff  binit                                     
UNDEFED   __mpu_init                                
UNDEFED   _system_post_cinit                        

[697 symbols]
